[2026-05-20 08:47:43,915] kevinq/INFO/locust.main: Starting Locust 2.44.0
[2026-05-20 08:47:43,915] kevinq/INFO/locust.main: Run time limit set to 120 seconds
[2026-05-20 08:47:43,916] kevinq/INFO/locust.runners: Ramping to 150 users at a rate of 10.00 per second
[2026-05-20 08:47:48,109] kevinq/INFO/httpx: HTTP Request: POST http://localhost:8081/users "HTTP/1.1 200 OK"
[2026-05-20 08:47:48,110] kevinq/INFO/httpx: HTTP Request: POST http://localhost:8081/users "HTTP/1.1 200 OK"
[2026-05-20 08:47:48,111] kevinq/INFO/httpx: HTTP Request: POST http://localhost:8081/users "HTTP/1.1 200 OK"
[2026-05-20 08:47:48,111] kevinq/INFO/httpx: HTTP Request: POST http://localhost:8081/users "HTTP/1.1 200 OK"
[2026-05-20 08:47:48,111] kevinq/INFO/httpx: HTTP Request: POST http://localhost:8081/users "HTTP/1.1 200 OK"
[2026-05-20 08:47:50,404] kevinq/INFO/httpx: HTTP Request: POST http://localhost:8081/users "HTTP/1.1 200 OK"
[2026-05-20 08:47:50,662] kevinq/INFO/httpx: HTTP Request: POST http://localhost:8081/users "HTTP/1.1 200 OK"
[2026-05-20 08:47:50,663] kevinq/INFO/httpx: HTTP Request: POST http://localhost:8081/users "HTTP/1.1 200 OK"
[2026-05-20 08:47:50,663] kevinq/INFO/httpx: HTTP Request: POST http://localhost:8081/users "HTTP/1.1 200 OK"
[2026-05-20 08:47:50,664] kevinq/INFO/httpx: HTTP Request: POST http://localhost:8081/users "HTTP/1.1 200 OK"
[2026-05-20 08:47:51,134] kevinq/INFO/httpx: HTTP Request: POST http://localhost:8081/users "HTTP/1.1 200 OK"
[2026-05-20 08:47:51,135] kevinq/INFO/httpx: HTTP Request: POST http://localhost:8081/users "HTTP/1.1 200 OK"
[2026-05-20 08:47:51,135] kevinq/INFO/httpx: HTTP Request: POST http://localhost:8081/users "HTTP/1.1 200 OK"
[2026-05-20 08:47:51,138] kevinq/INFO/httpx: HTTP Request: POST http://localhost:8081/users "HTTP/1.1 200 OK"
[2026-05-20 08:47:51,248] kevinq/INFO/httpx: HTTP Request: POST http://localhost:8081/users "HTTP/1.1 200 OK"
[2026-05-20 08:47:51,248] kevinq/INFO/httpx: HTTP Request: POST http://localhost:8081/users "HTTP/1.1 200 OK"
[2026-05-20 08:47:51,491] kevinq/INFO/httpx: HTTP Request: POST http://localhost:8081/users "HTTP/1.1 200 OK"
[2026-05-20 08:47:51,750] kevinq/INFO/httpx: HTTP Request: POST http://localhost:8081/users "HTTP/1.1 200 OK"
[2026-05-20 08:47:52,108] kevinq/INFO/httpx: HTTP Request: POST http://localhost:8081/users "HTTP/1.1 200 OK"
[2026-05-20 08:47:52,248] kevinq/INFO/httpx: HTTP Request: POST http://localhost:8081/users "HTTP/1.1 200 OK"
[2026-05-20 08:47:52,732] kevinq/INFO/httpx: HTTP Request: POST http://localhost:8081/users "HTTP/1.1 200 OK"
[2026-05-20 08:47:53,113] kevinq/INFO/httpx: HTTP Request: POST http://localhost:8081/users "HTTP/1.1 200 OK"
[2026-05-20 08:47:53,254] kevinq/INFO/httpx: HTTP Request: POST http://localhost:8081/users "HTTP/1.1 200 OK"
[2026-05-20 08:47:53,254] kevinq/INFO/httpx: HTTP Request: POST http://localhost:8081/users "HTTP/1.1 200 OK"
[2026-05-20 08:47:53,255] kevinq/INFO/httpx: HTTP Request: POST http://localhost:8081/users "HTTP/1.1 200 OK"
[2026-05-20 08:47:53,255] kevinq/INFO/httpx: HTTP Request: POST http://localhost:8081/users "HTTP/1.1 200 OK"
[2026-05-20 08:47:53,521] kevinq/INFO/httpx: HTTP Request: POST http://localhost:8081/users "HTTP/1.1 200 OK"
[2026-05-20 08:47:53,522] kevinq/INFO/httpx: HTTP Request: POST http://localhost:8081/users "HTTP/1.1 200 OK"
[2026-05-20 08:47:53,522] kevinq/INFO/httpx: HTTP Request: POST http://localhost:8081/users "HTTP/1.1 200 OK"
[2026-05-20 08:47:53,522] kevinq/INFO/httpx: HTTP Request: POST http://localhost:8081/users "HTTP/1.1 200 OK"
[2026-05-20 08:47:53,782] kevinq/INFO/httpx: HTTP Request: POST http://localhost:8081/users "HTTP/1.1 200 OK"
[2026-05-20 08:47:54,106] kevinq/INFO/httpx: HTTP Request: POST http://localhost:8081/users "HTTP/1.1 200 OK"
[2026-05-20 08:47:54,306] kevinq/INFO/httpx: HTTP Request: POST http://localhost:8081/users "HTTP/1.1 200 OK"
[2026-05-20 08:47:54,568] kevinq/INFO/httpx: HTTP Request: POST http://localhost:8081/users "HTTP/1.1 200 OK"
[2026-05-20 08:47:54,858] kevinq/INFO/httpx: HTTP Request: POST http://localhost:8081/users "HTTP/1.1 200 OK"
[2026-05-20 08:47:55,150] kevinq/INFO/httpx: HTTP Request: POST http://localhost:8081/users "HTTP/1.1 200 OK"
[2026-05-20 08:47:55,366] kevinq/INFO/httpx: HTTP Request: POST http://localhost:8081/users "HTTP/1.1 200 OK"
[2026-05-20 08:47:55,590] kevinq/INFO/httpx: HTTP Request: POST http://localhost:8081/users "HTTP/1.1 200 OK"
[2026-05-20 08:47:55,834] kevinq/INFO/httpx: HTTP Request: POST http://localhost:8081/users "HTTP/1.1 200 OK"
[2026-05-20 08:47:56,123] kevinq/INFO/httpx: HTTP Request: POST http://localhost:8081/users "HTTP/1.1 200 OK"
[2026-05-20 08:47:56,353] kevinq/INFO/httpx: HTTP Request: POST http://localhost:8081/users "HTTP/1.1 200 OK"
[2026-05-20 08:47:56,593] kevinq/INFO/httpx: HTTP Request: POST http://localhost:8081/users "HTTP/1.1 200 OK"
[2026-05-20 08:47:56,888] kevinq/INFO/httpx: HTTP Request: POST http://localhost:8081/users "HTTP/1.1 200 OK"
[2026-05-20 08:47:56,916] kevinq/INFO/httpx: HTTP Request: POST http://localhost:8081/users "HTTP/1.1 200 OK"
[2026-05-20 08:47:56,917] kevinq/INFO/httpx: HTTP Request: POST http://localhost:8081/users "HTTP/1.1 200 OK"
[2026-05-20 08:47:56,917] kevinq/INFO/httpx: HTTP Request: POST http://localhost:8081/users "HTTP/1.1 200 OK"
[2026-05-20 08:47:56,918] kevinq/INFO/httpx: HTTP Request: POST http://localhost:8081/users "HTTP/1.1 200 OK"
[2026-05-20 08:47:57,575] kevinq/INFO/httpx: HTTP Request: POST http://localhost:8081/users "HTTP/1.1 200 OK"
[2026-05-20 08:47:57,986] kevinq/INFO/locust.runners: All users spawned: {"TransactionsUser": 150} (150 total users)
[2026-05-20 08:47:58,150] kevinq/INFO/httpx: HTTP Request: POST http://localhost:8081/users "HTTP/1.1 200 OK"
[2026-05-20 08:47:58,150] kevinq/INFO/httpx: HTTP Request: POST http://localhost:8081/users "HTTP/1.1 200 OK"
[2026-05-20 08:47:59,258] kevinq/INFO/httpx: HTTP Request: POST http://localhost:8081/auth/login "HTTP/1.1 200 OK"
[2026-05-20 08:47:59,795] kevinq/INFO/httpx: HTTP Request: POST http://localhost:8081/users "HTTP/1.1 200 OK"
[2026-05-20 08:47:59,797] kevinq/INFO/httpx: HTTP Request: POST http://localhost:8081/auth/login "HTTP/1.1 200 OK"
[2026-05-20 08:48:00,049] kevinq/INFO/httpx: HTTP Request: POST http://localhost:8081/auth/login "HTTP/1.1 200 OK"
[2026-05-20 08:48:00,049] kevinq/INFO/httpx: HTTP Request: POST http://localhost:8081/auth/login "HTTP/1.1 200 OK"
[2026-05-20 08:48:00,050] kevinq/INFO/httpx: HTTP Request: POST http://localhost:8081/users "HTTP/1.1 200 OK"
[2026-05-20 08:48:00,313] kevinq/INFO/httpx: HTTP Request: POST http://localhost:8081/users "HTTP/1.1 200 OK"
[2026-05-20 08:48:00,576] kevinq/INFO/httpx: HTTP Request: POST http://localhost:8081/users "HTTP/1.1 200 OK"
[2026-05-20 08:48:00,845] kevinq/INFO/httpx: HTTP Request: POST http://localhost:8081/users "HTTP/1.1 200 OK"
[2026-05-20 08:48:01,121] kevinq/INFO/httpx: HTTP Request: POST http://localhost:8081/users "HTTP/1.1 200 OK"
[2026-05-20 08:48:01,392] kevinq/INFO/httpx: HTTP Request: POST http://localhost:8081/users "HTTP/1.1 200 OK"
[2026-05-20 08:48:01,629] kevinq/INFO/httpx: HTTP Request: POST http://localhost:8081/users "HTTP/1.1 200 OK"
[2026-05-20 08:48:02,196] kevinq/INFO/httpx: HTTP Request: POST http://localhost:8081/users "HTTP/1.1 200 OK"
[2026-05-20 08:48:02,433] kevinq/INFO/httpx: HTTP Request: POST http://localhost:8081/users "HTTP/1.1 200 OK"
[2026-05-20 08:48:02,697] kevinq/INFO/httpx: HTTP Request: POST http://localhost:8081/users "HTTP/1.1 200 OK"
[2026-05-20 08:48:02,953] kevinq/INFO/httpx: HTTP Request: POST http://localhost:8081/users "HTTP/1.1 200 OK"
[2026-05-20 08:48:03,219] kevinq/INFO/httpx: HTTP Request: POST http://localhost:8081/auth/login "HTTP/1.1 200 OK"
[2026-05-20 08:48:03,220] kevinq/INFO/httpx: HTTP Request: POST http://localhost:8081/users "HTTP/1.1 200 OK"
[2026-05-20 08:48:03,245] kevinq/INFO/httpx: HTTP Request: POST http://localhost:8081/users "HTTP/1.1 200 OK"
[2026-05-20 08:48:03,245] kevinq/INFO/httpx: HTTP Request: POST http://localhost:8081/users "HTTP/1.1 200 OK"
[2026-05-20 08:48:03,245] kevinq/INFO/httpx: HTTP Request: POST http://localhost:8081/users "HTTP/1.1 200 OK"
[2026-05-20 08:48:03,246] kevinq/INFO/httpx: HTTP Request: POST http://localhost:8081/users "HTTP/1.1 200 OK"
[2026-05-20 08:48:03,921] kevinq/INFO/httpx: HTTP Request: POST http://localhost:8081/users "HTTP/1.1 200 OK"
[2026-05-20 08:48:04,405] kevinq/INFO/httpx: HTTP Request: POST http://localhost:8081/users "HTTP/1.1 200 OK"
[2026-05-20 08:48:04,405] kevinq/INFO/httpx: HTTP Request: POST http://localhost:8081/users "HTTP/1.1 200 OK"
[2026-05-20 08:48:05,732] kevinq/INFO/httpx: HTTP Request: POST http://localhost:8081/auth/login "HTTP/1.1 200 OK"
[2026-05-20 08:48:06,239] kevinq/INFO/httpx: HTTP Request: POST http://localhost:8081/auth/login "HTTP/1.1 200 OK"
[2026-05-20 08:48:06,240] kevinq/INFO/httpx: HTTP Request: POST http://localhost:8081/users "HTTP/1.1 200 OK"
[2026-05-20 08:48:06,520] kevinq/INFO/httpx: HTTP Request: POST http://localhost:8081/users "HTTP/1.1 200 OK"
[2026-05-20 08:48:06,521] kevinq/INFO/httpx: HTTP Request: POST http://localhost:8081/auth/login "HTTP/1.1 200 OK"
[2026-05-20 08:48:06,521] kevinq/INFO/httpx: HTTP Request: POST http://localhost:8081/auth/login "HTTP/1.1 200 OK"
[2026-05-20 08:48:06,831] kevinq/INFO/httpx: HTTP Request: POST http://localhost:8081/users "HTTP/1.1 200 OK"
[2026-05-20 08:48:06,856] kevinq/INFO/httpx: HTTP Request: POST http://localhost:8081/users "HTTP/1.1 200 OK"
[2026-05-20 08:48:06,856] kevinq/INFO/httpx: HTTP Request: POST http://localhost:8081/users "HTTP/1.1 200 OK"
[2026-05-20 08:48:06,857] kevinq/INFO/httpx: HTTP Request: POST http://localhost:8081/users "HTTP/1.1 200 OK"
[2026-05-20 08:48:06,857] kevinq/INFO/httpx: HTTP Request: POST http://localhost:8081/users "HTTP/1.1 200 OK"
[2026-05-20 08:48:06,862] kevinq/INFO/httpx: HTTP Request: POST http://localhost:8081/users "HTTP/1.1 200 OK"
[2026-05-20 08:48:07,158] kevinq/INFO/httpx: HTTP Request: POST http://localhost:8081/users "HTTP/1.1 200 OK"
[2026-05-20 08:48:07,721] kevinq/INFO/httpx: HTTP Request: POST http://localhost:8081/users "HTTP/1.1 200 OK"
[2026-05-20 08:48:08,698] kevinq/INFO/httpx: HTTP Request: POST http://localhost:8081/auth/login "HTTP/1.1 200 OK"
[2026-05-20 08:48:09,823] kevinq/INFO/httpx: HTTP Request: POST http://localhost:8081/auth/login "HTTP/1.1 200 OK"
[2026-05-20 08:48:09,823] kevinq/INFO/httpx: HTTP Request: POST http://localhost:8081/auth/login "HTTP/1.1 200 OK"
[2026-05-20 08:48:10,392] kevinq/INFO/httpx: HTTP Request: POST http://localhost:8081/auth/login "HTTP/1.1 200 OK"
[2026-05-20 08:48:10,972] kevinq/INFO/httpx: HTTP Request: POST http://localhost:8081/auth/login "HTTP/1.1 200 OK"
[2026-05-20 08:48:11,269] kevinq/INFO/httpx: HTTP Request: POST http://localhost:8081/users "HTTP/1.1 200 OK"
[2026-05-20 08:48:11,270] kevinq/INFO/httpx: HTTP Request: POST http://localhost:8081/auth/login "HTTP/1.1 200 OK"
[2026-05-20 08:48:11,555] kevinq/INFO/httpx: HTTP Request: POST http://localhost:8081/auth/login "HTTP/1.1 200 OK"
[2026-05-20 08:48:11,555] kevinq/INFO/httpx: HTTP Request: POST http://localhost:8081/users "HTTP/1.1 200 OK"
[2026-05-20 08:48:11,863] kevinq/INFO/httpx: HTTP Request: POST http://localhost:8081/users "HTTP/1.1 200 OK"
[2026-05-20 08:48:11,866] kevinq/INFO/httpx: HTTP Request: POST http://localhost:8081/auth/login "HTTP/1.1 200 OK"
[2026-05-20 08:48:12,120] kevinq/INFO/httpx: HTTP Request: POST http://localhost:8081/auth/login "HTTP/1.1 200 OK"
[2026-05-20 08:48:12,121] kevinq/INFO/httpx: HTTP Request: POST http://localhost:8081/users "HTTP/1.1 200 OK"
[2026-05-20 08:48:12,148] kevinq/INFO/httpx: HTTP Request: POST http://localhost:8081/users "HTTP/1.1 200 OK"
[2026-05-20 08:48:12,149] kevinq/INFO/httpx: HTTP Request: POST http://localhost:8081/users "HTTP/1.1 200 OK"
[2026-05-20 08:48:12,149] kevinq/INFO/httpx: HTTP Request: POST http://localhost:8081/users "HTTP/1.1 200 OK"
[2026-05-20 08:48:12,433] kevinq/INFO/httpx: HTTP Request: POST http://localhost:8081/users "HTTP/1.1 200 OK"
[2026-05-20 08:48:12,733] kevinq/INFO/httpx: HTTP Request: POST http://localhost:8081/users "HTTP/1.1 200 OK"
[2026-05-20 08:48:13,048] kevinq/INFO/httpx: HTTP Request: POST http://localhost:8081/users "HTTP/1.1 200 OK"
[2026-05-20 08:48:15,141] kevinq/INFO/httpx: HTTP Request: POST http://localhost:8081/users "HTTP/1.1 200 OK"
[2026-05-20 08:48:15,428] kevinq/INFO/httpx: HTTP Request: POST http://localhost:8081/users "HTTP/1.1 200 OK"
[2026-05-20 08:48:15,733] kevinq/INFO/httpx: HTTP Request: POST http://localhost:8081/users "HTTP/1.1 200 OK"
[2026-05-20 08:48:15,733] kevinq/INFO/httpx: HTTP Request: POST http://localhost:8081/auth/login "HTTP/1.1 200 OK"
[2026-05-20 08:48:15,734] kevinq/INFO/httpx: HTTP Request: POST http://localhost:8081/auth/login "HTTP/1.1 200 OK"
[2026-05-20 08:48:16,046] kevinq/INFO/httpx: HTTP Request: POST http://localhost:8081/auth/login "HTTP/1.1 200 OK"
[2026-05-20 08:48:16,046] kevinq/INFO/httpx: HTTP Request: POST http://localhost:8081/users "HTTP/1.1 200 OK"
[2026-05-20 08:48:16,077] kevinq/INFO/httpx: HTTP Request: POST http://localhost:8081/users "HTTP/1.1 200 OK"
[2026-05-20 08:48:16,079] kevinq/INFO/httpx: HTTP Request: POST http://localhost:8081/users "HTTP/1.1 200 OK"
[2026-05-20 08:48:16,079] kevinq/INFO/httpx: HTTP Request: POST http://localhost:8081/users "HTTP/1.1 200 OK"
[2026-05-20 08:48:16,646] kevinq/INFO/httpx: HTTP Request: POST http://localhost:8081/users "HTTP/1.1 200 OK"
[2026-05-20 08:48:18,301] kevinq/INFO/httpx: HTTP Request: POST http://localhost:8081/auth/login "HTTP/1.1 200 OK"
[2026-05-20 08:48:18,302] kevinq/INFO/httpx: HTTP Request: POST http://localhost:8081/auth/login "HTTP/1.1 200 OK"
[2026-05-20 08:48:18,876] kevinq/INFO/httpx: HTTP Request: POST http://localhost:8081/users "HTTP/1.1 200 OK"
[2026-05-20 08:48:18,877] kevinq/INFO/httpx: HTTP Request: POST http://localhost:8081/auth/login "HTTP/1.1 200 OK"
[2026-05-20 08:48:18,877] kevinq/INFO/httpx: HTTP Request: POST http://localhost:8081/users "HTTP/1.1 200 OK"
[2026-05-20 08:48:19,165] kevinq/INFO/httpx: HTTP Request: POST http://localhost:8081/auth/login "HTTP/1.1 200 OK"
[2026-05-20 08:48:20,305] kevinq/INFO/httpx: HTTP Request: POST http://localhost:8081/auth/login "HTTP/1.1 200 OK"
[2026-05-20 08:48:20,306] kevinq/INFO/httpx: HTTP Request: POST http://localhost:8081/auth/login "HTTP/1.1 200 OK"
[2026-05-20 08:48:20,608] kevinq/INFO/httpx: HTTP Request: POST http://localhost:8081/auth/login "HTTP/1.1 200 OK"
[2026-05-20 08:48:20,920] kevinq/INFO/httpx: HTTP Request: POST http://localhost:8081/users "HTTP/1.1 200 OK"
[2026-05-20 08:48:21,213] kevinq/INFO/httpx: HTTP Request: POST http://localhost:8081/auth/login "HTTP/1.1 200 OK"
[2026-05-20 08:48:21,498] kevinq/INFO/httpx: HTTP Request: POST http://localhost:8081/auth/login "HTTP/1.1 200 OK"
[2026-05-20 08:48:21,507] kevinq/INFO/httpx: HTTP Request: POST http://localhost:8081/users "HTTP/1.1 200 OK"
[2026-05-20 08:48:21,534] kevinq/INFO/httpx: HTTP Request: POST http://localhost:8081/users "HTTP/1.1 200 OK"
[2026-05-20 08:48:21,535] kevinq/INFO/httpx: HTTP Request: POST http://localhost:8081/users "HTTP/1.1 200 OK"
[2026-05-20 08:48:21,823] kevinq/INFO/httpx: HTTP Request: POST http://localhost:8081/users "HTTP/1.1 200 OK"
[2026-05-20 08:48:22,141] kevinq/INFO/httpx: HTTP Request: POST http://localhost:8081/users "HTTP/1.1 200 OK"
[2026-05-20 08:48:22,497] kevinq/INFO/httpx: HTTP Request: POST http://localhost:8081/users "HTTP/1.1 200 OK"
[2026-05-20 08:48:22,498] kevinq/INFO/httpx: HTTP Request: POST http://localhost:8081/users "HTTP/1.1 200 OK"
[2026-05-20 08:48:23,869] kevinq/INFO/httpx: HTTP Request: POST http://localhost:8081/users "HTTP/1.1 200 OK"
[2026-05-20 08:49:43,788] kevinq/INFO/locust.main: --run-time limit reached, shutting down
[2026-05-20 08:49:43,884] kevinq/INFO/locust.main: writing html report to file: benchmarks/results/2026-05-20_after-jwt-fix/report.html
[2026-05-20 08:49:43,885] kevinq/INFO/locust.main: Shutting down (exit code 0)
