[2026-05-16 14:47:28,339] kevinq/INFO/locust.main: Starting Locust 2.44.0
[2026-05-16 14:47:28,340] kevinq/INFO/locust.main: Run time limit set to 60 seconds
[2026-05-16 14:47:28,340] kevinq/INFO/locust.runners: Ramping to 50 users at a rate of 10.00 per second
[2026-05-16 14:47:28,799] kevinq/INFO/httpx: HTTP Request: POST http://localhost:8081/users "HTTP/1.1 200 OK"
[2026-05-16 14:47:28,818] kevinq/INFO/httpx: HTTP Request: POST http://localhost:8081/users "HTTP/1.1 200 OK"
[2026-05-16 14:47:28,819] kevinq/INFO/httpx: HTTP Request: POST http://localhost:8081/users "HTTP/1.1 200 OK"
[2026-05-16 14:47:28,853] kevinq/INFO/httpx: HTTP Request: POST http://localhost:8081/users "HTTP/1.1 200 OK"
[2026-05-16 14:47:28,854] kevinq/INFO/httpx: HTTP Request: POST http://localhost:8081/users "HTTP/1.1 200 OK"
[2026-05-16 14:47:28,854] kevinq/INFO/httpx: HTTP Request: POST http://localhost:8081/users "HTTP/1.1 200 OK"
[2026-05-16 14:47:28,854] kevinq/INFO/httpx: HTTP Request: POST http://localhost:8081/users "HTTP/1.1 200 OK"
[2026-05-16 14:47:28,855] kevinq/INFO/httpx: HTTP Request: POST http://localhost:8081/users "HTTP/1.1 200 OK"
[2026-05-16 14:47:28,931] kevinq/INFO/httpx: HTTP Request: POST http://localhost:8081/users "HTTP/1.1 200 OK"
[2026-05-16 14:47:28,931] kevinq/INFO/httpx: HTTP Request: POST http://localhost:8081/users "HTTP/1.1 200 OK"
[2026-05-16 14:47:29,137] kevinq/INFO/httpx: HTTP Request: POST http://localhost:8081/auth/login "HTTP/1.1 200 OK"
[2026-05-16 14:47:29,144] kevinq/INFO/httpx: HTTP Request: POST http://localhost:8081/auth/login "HTTP/1.1 200 OK"
[2026-05-16 14:47:29,235] kevinq/INFO/httpx: HTTP Request: POST http://localhost:8081/auth/login "HTTP/1.1 200 OK"
[2026-05-16 14:47:29,238] kevinq/INFO/httpx: HTTP Request: POST http://localhost:8081/auth/login "HTTP/1.1 200 OK"
[2026-05-16 14:47:29,248] kevinq/INFO/httpx: HTTP Request: POST http://localhost:8081/auth/login "HTTP/1.1 200 OK"
[2026-05-16 14:47:29,268] kevinq/INFO/httpx: HTTP Request: POST http://localhost:8081/auth/login "HTTP/1.1 200 OK"
[2026-05-16 14:47:29,291] kevinq/INFO/httpx: HTTP Request: POST http://localhost:8081/auth/login "HTTP/1.1 200 OK"
[2026-05-16 14:47:29,292] kevinq/INFO/httpx: HTTP Request: POST http://localhost:8081/auth/login "HTTP/1.1 200 OK"
[2026-05-16 14:47:29,293] kevinq/INFO/httpx: HTTP Request: POST http://localhost:8081/auth/login "HTTP/1.1 200 OK"
[2026-05-16 14:47:29,327] kevinq/INFO/httpx: HTTP Request: POST http://localhost:8081/auth/login "HTTP/1.1 200 OK"
[2026-05-16 14:47:29,778] kevinq/INFO/httpx: HTTP Request: POST http://localhost:8081/users "HTTP/1.1 200 OK"
[2026-05-16 14:47:29,843] kevinq/INFO/httpx: HTTP Request: POST http://localhost:8081/users "HTTP/1.1 200 OK"
[2026-05-16 14:47:29,845] kevinq/INFO/httpx: HTTP Request: POST http://localhost:8081/users "HTTP/1.1 200 OK"
[2026-05-16 14:47:29,846] kevinq/INFO/httpx: HTTP Request: POST http://localhost:8081/users "HTTP/1.1 200 OK"
[2026-05-16 14:47:29,847] kevinq/INFO/httpx: HTTP Request: POST http://localhost:8081/users "HTTP/1.1 200 OK"
[2026-05-16 14:47:29,848] kevinq/INFO/httpx: HTTP Request: POST http://localhost:8081/users "HTTP/1.1 200 OK"
[2026-05-16 14:47:29,849] kevinq/INFO/httpx: HTTP Request: POST http://localhost:8081/users "HTTP/1.1 200 OK"
[2026-05-16 14:47:29,850] kevinq/INFO/httpx: HTTP Request: POST http://localhost:8081/users "HTTP/1.1 200 OK"
[2026-05-16 14:47:29,851] kevinq/INFO/httpx: HTTP Request: POST http://localhost:8081/users "HTTP/1.1 200 OK"
[2026-05-16 14:47:30,009] kevinq/INFO/httpx: HTTP Request: POST http://localhost:8081/users "HTTP/1.1 200 OK"
[2026-05-16 14:47:30,324] kevinq/INFO/httpx: HTTP Request: POST http://localhost:8081/auth/login "HTTP/1.1 200 OK"
[2026-05-16 14:47:30,332] kevinq/INFO/httpx: HTTP Request: POST http://localhost:8081/auth/login "HTTP/1.1 200 OK"
[2026-05-16 14:47:30,333] kevinq/INFO/httpx: HTTP Request: POST http://localhost:8081/auth/login "HTTP/1.1 200 OK"
[2026-05-16 14:47:30,505] kevinq/INFO/httpx: HTTP Request: POST http://localhost:8081/auth/login "HTTP/1.1 200 OK"
[2026-05-16 14:47:30,506] kevinq/INFO/httpx: HTTP Request: POST http://localhost:8081/auth/login "HTTP/1.1 200 OK"
[2026-05-16 14:47:30,507] kevinq/INFO/httpx: HTTP Request: POST http://localhost:8081/auth/login "HTTP/1.1 200 OK"
[2026-05-16 14:47:30,507] kevinq/INFO/httpx: HTTP Request: POST http://localhost:8081/auth/login "HTTP/1.1 200 OK"
[2026-05-16 14:47:30,507] kevinq/INFO/httpx: HTTP Request: POST http://localhost:8081/auth/login "HTTP/1.1 200 OK"
[2026-05-16 14:47:30,508] kevinq/INFO/httpx: HTTP Request: POST http://localhost:8081/auth/login "HTTP/1.1 200 OK"
[2026-05-16 14:47:30,508] kevinq/INFO/httpx: HTTP Request: POST http://localhost:8081/auth/login "HTTP/1.1 200 OK"
[2026-05-16 14:47:30,816] kevinq/INFO/httpx: HTTP Request: POST http://localhost:8081/users "HTTP/1.1 200 OK"
[2026-05-16 14:47:30,839] kevinq/INFO/httpx: HTTP Request: POST http://localhost:8081/users "HTTP/1.1 200 OK"
[2026-05-16 14:47:30,840] kevinq/INFO/httpx: HTTP Request: POST http://localhost:8081/users "HTTP/1.1 200 OK"
[2026-05-16 14:47:30,875] kevinq/INFO/httpx: HTTP Request: POST http://localhost:8081/users "HTTP/1.1 200 OK"
[2026-05-16 14:47:30,876] kevinq/INFO/httpx: HTTP Request: POST http://localhost:8081/users "HTTP/1.1 200 OK"
[2026-05-16 14:47:30,876] kevinq/INFO/httpx: HTTP Request: POST http://localhost:8081/users "HTTP/1.1 200 OK"
[2026-05-16 14:47:30,876] kevinq/INFO/httpx: HTTP Request: POST http://localhost:8081/users "HTTP/1.1 200 OK"
[2026-05-16 14:47:30,877] kevinq/INFO/httpx: HTTP Request: POST http://localhost:8081/users "HTTP/1.1 200 OK"
[2026-05-16 14:47:30,877] kevinq/INFO/httpx: HTTP Request: POST http://localhost:8081/users "HTTP/1.1 200 OK"
[2026-05-16 14:47:30,877] kevinq/INFO/httpx: HTTP Request: POST http://localhost:8081/users "HTTP/1.1 200 OK"
[2026-05-16 14:47:31,208] kevinq/INFO/httpx: HTTP Request: POST http://localhost:8081/auth/login "HTTP/1.1 200 OK"
[2026-05-16 14:47:31,216] kevinq/INFO/httpx: HTTP Request: POST http://localhost:8081/auth/login "HTTP/1.1 200 OK"
[2026-05-16 14:47:31,217] kevinq/INFO/httpx: HTTP Request: POST http://localhost:8081/auth/login "HTTP/1.1 200 OK"
[2026-05-16 14:47:31,322] kevinq/INFO/httpx: HTTP Request: POST http://localhost:8081/auth/login "HTTP/1.1 200 OK"
[2026-05-16 14:47:31,334] kevinq/INFO/httpx: HTTP Request: POST http://localhost:8081/auth/login "HTTP/1.1 200 OK"
[2026-05-16 14:47:31,338] kevinq/INFO/httpx: HTTP Request: POST http://localhost:8081/auth/login "HTTP/1.1 200 OK"
[2026-05-16 14:47:31,500] kevinq/INFO/httpx: HTTP Request: POST http://localhost:8081/auth/login "HTTP/1.1 200 OK"
[2026-05-16 14:47:31,500] kevinq/INFO/httpx: HTTP Request: POST http://localhost:8081/auth/login "HTTP/1.1 200 OK"
[2026-05-16 14:47:31,501] kevinq/INFO/httpx: HTTP Request: POST http://localhost:8081/auth/login "HTTP/1.1 200 OK"
[2026-05-16 14:47:31,501] kevinq/INFO/httpx: HTTP Request: POST http://localhost:8081/auth/login "HTTP/1.1 200 OK"
[2026-05-16 14:47:31,796] kevinq/INFO/httpx: HTTP Request: POST http://localhost:8081/users "HTTP/1.1 200 OK"
[2026-05-16 14:47:31,817] kevinq/INFO/httpx: HTTP Request: POST http://localhost:8081/users "HTTP/1.1 200 OK"
[2026-05-16 14:47:31,839] kevinq/INFO/httpx: HTTP Request: POST http://localhost:8081/users "HTTP/1.1 200 OK"
[2026-05-16 14:47:31,840] kevinq/INFO/httpx: HTTP Request: POST http://localhost:8081/users "HTTP/1.1 200 OK"
[2026-05-16 14:47:31,840] kevinq/INFO/httpx: HTTP Request: POST http://localhost:8081/users "HTTP/1.1 200 OK"
[2026-05-16 14:47:31,841] kevinq/INFO/httpx: HTTP Request: POST http://localhost:8081/users "HTTP/1.1 200 OK"
[2026-05-16 14:47:31,841] kevinq/INFO/httpx: HTTP Request: POST http://localhost:8081/users "HTTP/1.1 200 OK"
[2026-05-16 14:47:31,842] kevinq/INFO/httpx: HTTP Request: POST http://localhost:8081/users "HTTP/1.1 200 OK"
[2026-05-16 14:47:31,843] kevinq/INFO/httpx: HTTP Request: POST http://localhost:8081/users "HTTP/1.1 200 OK"
[2026-05-16 14:47:31,945] kevinq/INFO/httpx: HTTP Request: POST http://localhost:8081/users "HTTP/1.1 200 OK"
[2026-05-16 14:47:32,121] kevinq/INFO/httpx: HTTP Request: POST http://localhost:8081/auth/login "HTTP/1.1 200 OK"
[2026-05-16 14:47:32,229] kevinq/INFO/httpx: HTTP Request: POST http://localhost:8081/auth/login "HTTP/1.1 200 OK"
[2026-05-16 14:47:32,275] kevinq/INFO/httpx: HTTP Request: POST http://localhost:8081/auth/login "HTTP/1.1 200 OK"
[2026-05-16 14:47:32,296] kevinq/INFO/httpx: HTTP Request: POST http://localhost:8081/auth/login "HTTP/1.1 200 OK"
[2026-05-16 14:47:32,312] kevinq/INFO/httpx: HTTP Request: POST http://localhost:8081/auth/login "HTTP/1.1 200 OK"
[2026-05-16 14:47:32,317] kevinq/INFO/httpx: HTTP Request: POST http://localhost:8081/auth/login "HTTP/1.1 200 OK"
[2026-05-16 14:47:32,328] kevinq/INFO/httpx: HTTP Request: POST http://localhost:8081/auth/login "HTTP/1.1 200 OK"
[2026-05-16 14:47:32,343] kevinq/INFO/httpx: HTTP Request: POST http://localhost:8081/auth/login "HTTP/1.1 200 OK"
[2026-05-16 14:47:32,344] kevinq/INFO/locust.runners: All users spawned: {"TransactionsUser": 50} (50 total users)
[2026-05-16 14:47:32,501] kevinq/INFO/httpx: HTTP Request: POST http://localhost:8081/auth/login "HTTP/1.1 200 OK"
[2026-05-16 14:47:32,501] kevinq/INFO/httpx: HTTP Request: POST http://localhost:8081/auth/login "HTTP/1.1 200 OK"
[2026-05-16 14:47:32,861] kevinq/INFO/httpx: HTTP Request: POST http://localhost:8081/users "HTTP/1.1 200 OK"
[2026-05-16 14:47:32,862] kevinq/INFO/httpx: HTTP Request: POST http://localhost:8081/users "HTTP/1.1 200 OK"
[2026-05-16 14:47:32,884] kevinq/INFO/httpx: HTTP Request: POST http://localhost:8081/users "HTTP/1.1 200 OK"
[2026-05-16 14:47:32,884] kevinq/INFO/httpx: HTTP Request: POST http://localhost:8081/users "HTTP/1.1 200 OK"
[2026-05-16 14:47:32,885] kevinq/INFO/httpx: HTTP Request: POST http://localhost:8081/users "HTTP/1.1 200 OK"
[2026-05-16 14:47:32,885] kevinq/INFO/httpx: HTTP Request: POST http://localhost:8081/users "HTTP/1.1 200 OK"
[2026-05-16 14:47:32,885] kevinq/INFO/httpx: HTTP Request: POST http://localhost:8081/users "HTTP/1.1 200 OK"
[2026-05-16 14:47:33,000] kevinq/INFO/httpx: HTTP Request: POST http://localhost:8081/users "HTTP/1.1 200 OK"
[2026-05-16 14:47:33,001] kevinq/INFO/httpx: HTTP Request: POST http://localhost:8081/users "HTTP/1.1 200 OK"
[2026-05-16 14:47:33,002] kevinq/INFO/httpx: HTTP Request: POST http://localhost:8081/users "HTTP/1.1 200 OK"
[2026-05-16 14:47:33,302] kevinq/INFO/httpx: HTTP Request: POST http://localhost:8081/auth/login "HTTP/1.1 200 OK"
[2026-05-16 14:47:33,308] kevinq/INFO/httpx: HTTP Request: POST http://localhost:8081/auth/login "HTTP/1.1 200 OK"
[2026-05-16 14:47:33,315] kevinq/INFO/httpx: HTTP Request: POST http://localhost:8081/auth/login "HTTP/1.1 200 OK"
[2026-05-16 14:47:33,343] kevinq/INFO/httpx: HTTP Request: POST http://localhost:8081/auth/login "HTTP/1.1 200 OK"
[2026-05-16 14:47:33,366] kevinq/INFO/httpx: HTTP Request: POST http://localhost:8081/auth/login "HTTP/1.1 200 OK"
[2026-05-16 14:47:33,379] kevinq/INFO/httpx: HTTP Request: POST http://localhost:8081/auth/login "HTTP/1.1 200 OK"
[2026-05-16 14:47:33,389] kevinq/INFO/httpx: HTTP Request: POST http://localhost:8081/auth/login "HTTP/1.1 200 OK"
[2026-05-16 14:47:33,398] kevinq/INFO/httpx: HTTP Request: POST http://localhost:8081/auth/login "HTTP/1.1 200 OK"
[2026-05-16 14:47:33,403] kevinq/INFO/httpx: HTTP Request: POST http://localhost:8081/auth/login "HTTP/1.1 200 OK"
[2026-05-16 14:47:33,443] kevinq/INFO/httpx: HTTP Request: POST http://localhost:8081/auth/login "HTTP/1.1 200 OK"
[2026-05-16 14:48:28,201] kevinq/INFO/locust.main: --run-time limit reached, shutting down
[2026-05-16 14:48:28,271] kevinq/INFO/locust.main: writing html report to file: benchmarks/results/2026-05-16_baseline/report.html
[2026-05-16 14:48:28,272] kevinq/INFO/locust.main: Shutting down (exit code 0)
