Type     Name                                                                          # reqs      # fails |    Avg     Min     Max    Med |   req/s  failures/s
--------|----------------------------------------------------------------------------|-------|-------------|-------|-------|-------|-------|--------|-----------
--------|----------------------------------------------------------------------------|-------|-------------|-------|-------|-------|-------|--------|-----------
         Aggregated                                                                         0     0(0.00%) |      0       0       0      0 |    0.00        0.00

Type     Name                                                                          # reqs      # fails |    Avg     Min     Max    Med |   req/s  failures/s
--------|----------------------------------------------------------------------------|-------|-------------|-------|-------|-------|-------|--------|-----------
GET      /health                                                                            4     0(0.00%) |     48       3     170      5 |    0.00        0.00
POST     /transactions [POST]                                                              10     0(0.00%) |     63      34     155     47 |    0.00        0.00
GET      /transactions/user                                                                17     0(0.00%) |     54      22     168     36 |    0.00        0.00
--------|----------------------------------------------------------------------------|-------|-------------|-------|-------|-------|-------|--------|-----------
         Aggregated                                                                        31     0(0.00%) |     56       3     170     40 |    0.00        0.00

Type     Name                                                                          # reqs      # fails |    Avg     Min     Max    Med |   req/s  failures/s
--------|----------------------------------------------------------------------------|-------|-------------|-------|-------|-------|-------|--------|-----------
GET      /health                                                                           21     0(0.00%) |     51       3     170     54 |    0.50        0.00
POST     /transactions [POST]                                                              46     0(0.00%) |    160      34     353    170 |    4.00        0.00
GET      /transactions/user                                                                79     0(0.00%) |    149      22     356    130 |    6.00        0.00
--------|----------------------------------------------------------------------------|-------|-------------|-------|-------|-------|-------|--------|-----------
         Aggregated                                                                       146     0(0.00%) |    139       3     356    120 |   10.50        0.00

Type     Name                                                                          # reqs      # fails |    Avg     Min     Max    Med |   req/s  failures/s
--------|----------------------------------------------------------------------------|-------|-------------|-------|-------|-------|-------|--------|-----------
GET      /health                                                                           39     0(0.00%) |     40       2     170     19 |    3.50        0.00
POST     /transactions [POST]                                                              99     0(0.00%) |    135      21     353    110 |    8.50        0.00
GET      /transactions/user                                                               219     0(0.00%) |    120      19     356    100 |   16.00        0.00
--------|----------------------------------------------------------------------------|-------|-------------|-------|-------|-------|-------|--------|-----------
         Aggregated                                                                       357     0(0.00%) |    115       2     356     96 |   28.00        0.00

Type     Name                                                                          # reqs      # fails |    Avg     Min     Max    Med |   req/s  failures/s
--------|----------------------------------------------------------------------------|-------|-------------|-------|-------|-------|-------|--------|-----------
GET      /health                                                                           73     0(0.00%) |     28       2     170     13 |    5.83        0.00
POST     /transactions [POST]                                                             166     0(0.00%) |    114      17     353     89 |   14.00        0.00
GET      /transactions/user                                                               384     0(0.00%) |    103      17     356     88 |   31.67        0.00
--------|----------------------------------------------------------------------------|-------|-------------|-------|-------|-------|-------|--------|-----------
         Aggregated                                                                       623     0(0.00%) |     97       2     356     79 |   51.50        0.00

Type     Name                                                                          # reqs      # fails |    Avg     Min     Max    Med |   req/s  failures/s
--------|----------------------------------------------------------------------------|-------|-------------|-------|-------|-------|-------|--------|-----------
GET      /health                                                                          103     0(0.00%) |     26       2     170     13 |    8.38        0.00
POST     /transactions [POST]                                                             231     0(0.00%) |    112      17     353     87 |   19.38        0.00
GET      /transactions/user                                                               536     0(0.00%) |     98      17     356     81 |   44.50        0.00
--------|----------------------------------------------------------------------------|-------|-------------|-------|-------|-------|-------|--------|-----------
         Aggregated                                                                       870     0(0.00%) |     93       2     356     73 |   72.25        0.00

Type     Name                                                                          # reqs      # fails |    Avg     Min     Max    Med |   req/s  failures/s
--------|----------------------------------------------------------------------------|-------|-------------|-------|-------|-------|-------|--------|-----------
GET      /health                                                                          132     0(0.00%) |     24       2     170     13 |    9.90        0.00
POST     /transactions [POST]                                                             297     0(0.00%) |    111      17     353     89 |   22.20        0.00
GET      /transactions/user                                                               712     0(0.00%) |     95      17     356     79 |   51.60        0.00
--------|----------------------------------------------------------------------------|-------|-------------|-------|-------|-------|-------|--------|-----------
         Aggregated                                                                      1141     0(0.00%) |     91       2     356     73 |   83.70        0.00

Type     Name                                                                          # reqs      # fails |    Avg     Min     Max    Med |   req/s  failures/s
--------|----------------------------------------------------------------------------|-------|-------------|-------|-------|-------|-------|--------|-----------
GET      /health                                                                          168     0(0.00%) |     24       2     170     15 |   12.80        0.00
POST     /transactions [POST]                                                             370     0(0.00%) |    110      17     353     96 |   28.00        0.00
GET      /transactions/user                                                               877     0(0.00%) |     91      17     356     74 |   67.10        0.00
--------|----------------------------------------------------------------------------|-------|-------------|-------|-------|-------|-------|--------|-----------
         Aggregated                                                                      1415     0(0.00%) |     88       2     356     72 |  107.90        0.00

Type     Name                                                                          # reqs      # fails |    Avg     Min     Max    Med |   req/s  failures/s
--------|----------------------------------------------------------------------------|-------|-------------|-------|-------|-------|-------|--------|-----------
GET      /health                                                                          190     0(0.00%) |     22       2     170     15 |   14.60        0.00
POST     /transactions [POST]                                                             429     0(0.00%) |    109      17     353     95 |   32.50        0.00
GET      /transactions/user                                                              1054     0(0.00%) |     91      16     356     73 |   77.70        0.00
--------|----------------------------------------------------------------------------|-------|-------------|-------|-------|-------|-------|--------|-----------
         Aggregated                                                                      1673     0(0.00%) |     88       2     356     71 |  124.80        0.00

Type     Name                                                                          # reqs      # fails |    Avg     Min     Max    Med |   req/s  failures/s
--------|----------------------------------------------------------------------------|-------|-------------|-------|-------|-------|-------|--------|-----------
GET      /health                                                                          230     0(0.00%) |     21       2     170     15 |   15.10        0.00
POST     /transactions [POST]                                                             495     0(0.00%) |    108      17     353     95 |   33.50        0.00
GET      /transactions/user                                                              1214     0(0.00%) |     89      16     356     72 |   82.90        0.00
--------|----------------------------------------------------------------------------|-------|-------------|-------|-------|-------|-------|--------|-----------
         Aggregated                                                                      1939     0(0.00%) |     86       2     356     70 |  131.50        0.00

Type     Name                                                                          # reqs      # fails |    Avg     Min     Max    Med |   req/s  failures/s
--------|----------------------------------------------------------------------------|-------|-------------|-------|-------|-------|-------|--------|-----------
GET      /health                                                                          261     0(0.00%) |     20       2     170     14 |   15.90        0.00
POST     /transactions [POST]                                                             552     0(0.00%) |    108      17     353     95 |   32.80        0.00
GET      /transactions/user                                                              1368     0(0.00%) |     88      16     356     72 |   82.60        0.00
--------|----------------------------------------------------------------------------|-------|-------------|-------|-------|-------|-------|--------|-----------
         Aggregated                                                                      2181     0(0.00%) |     85       2     356     70 |  131.30        0.00

Type     Name                                                                          # reqs      # fails |    Avg     Min     Max    Med |   req/s  failures/s
--------|----------------------------------------------------------------------------|-------|-------------|-------|-------|-------|-------|--------|-----------
GET      /health                                                                          285     0(0.00%) |     20       2     170     14 |   15.70        0.00
POST     /transactions [POST]                                                             623     0(0.00%) |    105      17     353     94 |   32.40        0.00
GET      /transactions/user                                                              1536     0(0.00%) |     87      16     356     72 |   82.80        0.00
--------|----------------------------------------------------------------------------|-------|-------------|-------|-------|-------|-------|--------|-----------
         Aggregated                                                                      2444     0(0.00%) |     84       2     356     70 |  130.90        0.00

Type     Name                                                                          # reqs      # fails |    Avg     Min     Max    Med |   req/s  failures/s
--------|----------------------------------------------------------------------------|-------|-------------|-------|-------|-------|-------|--------|-----------
GET      /health                                                                          318     0(0.00%) |     20       2     170     14 |   15.10        0.00
POST     /transactions [POST]                                                             684     0(0.00%) |    104      17     353     90 |   32.20        0.00
GET      /transactions/user                                                              1703     0(0.00%) |     87      16     356     72 |   81.90        0.00
--------|----------------------------------------------------------------------------|-------|-------------|-------|-------|-------|-------|--------|-----------
         Aggregated                                                                      2705     0(0.00%) |     83       2     356     70 |  129.20        0.00

Type     Name                                                                          # reqs      # fails |    Avg     Min     Max    Med |   req/s  failures/s
--------|----------------------------------------------------------------------------|-------|-------------|-------|-------|-------|-------|--------|-----------
GET      /health                                                                          350     0(0.00%) |     19       2     170     14 |   15.50        0.00
POST     /transactions [POST]                                                             744     0(0.00%) |    103      17     353     88 |   31.40        0.00
GET      /transactions/user                                                              1871     0(0.00%) |     87      16     356     72 |   83.40        0.00
--------|----------------------------------------------------------------------------|-------|-------------|-------|-------|-------|-------|--------|-----------
         Aggregated                                                                      2965     0(0.00%) |     83       2     356     69 |  130.30        0.00

Type     Name                                                                          # reqs      # fails |    Avg     Min     Max    Med |   req/s  failures/s
--------|----------------------------------------------------------------------------|-------|-------------|-------|-------|-------|-------|--------|-----------
GET      /health                                                                          380     0(0.00%) |     19       2     170     14 |   15.80        0.00
POST     /transactions [POST]                                                             807     0(0.00%) |    104      17     353     90 |   31.70        0.00
GET      /transactions/user                                                              2031     0(0.00%) |     88      16     356     73 |   81.30        0.00
--------|----------------------------------------------------------------------------|-------|-------------|-------|-------|-------|-------|--------|-----------
         Aggregated                                                                      3218     0(0.00%) |     84       2     356     70 |  128.80        0.00

Type     Name                                                                          # reqs      # fails |    Avg     Min     Max    Med |   req/s  failures/s
--------|----------------------------------------------------------------------------|-------|-------------|-------|-------|-------|-------|--------|-----------
GET      /health                                                                          419     0(0.00%) |     18       2     170     14 |   14.90        0.00
POST     /transactions [POST]                                                             867     0(0.00%) |    103      17     353     88 |   31.30        0.00
GET      /transactions/user                                                              2196     0(0.00%) |     86      16     356     72 |   82.10        0.00
--------|----------------------------------------------------------------------------|-------|-------------|-------|-------|-------|-------|--------|-----------
         Aggregated                                                                      3482     0(0.00%) |     82       2     356     69 |  128.30        0.00

Type     Name                                                                          # reqs      # fails |    Avg     Min     Max    Med |   req/s  failures/s
--------|----------------------------------------------------------------------------|-------|-------------|-------|-------|-------|-------|--------|-----------
GET      /health                                                                          438     0(0.00%) |     18       2     170     14 |   16.00        0.00
POST     /transactions [POST]                                                             932     0(0.00%) |    103      17     353     89 |   31.10        0.00
GET      /transactions/user                                                              2375     0(0.00%) |     86      16     356     73 |   82.80        0.00
--------|----------------------------------------------------------------------------|-------|-------------|-------|-------|-------|-------|--------|-----------
         Aggregated                                                                      3745     0(0.00%) |     82       2     356     70 |  129.90        0.00

Type     Name                                                                          # reqs      # fails |    Avg     Min     Max    Med |   req/s  failures/s
--------|----------------------------------------------------------------------------|-------|-------------|-------|-------|-------|-------|--------|-----------
GET      /health                                                                          465     0(0.00%) |     18       2     170     14 |   15.50        0.00
POST     /transactions [POST]                                                             998     0(0.00%) |    103      17     353     92 |   30.90        0.00
GET      /transactions/user                                                              2538     0(0.00%) |     86      16     356     74 |   84.30        0.00
--------|----------------------------------------------------------------------------|-------|-------------|-------|-------|-------|-------|--------|-----------
         Aggregated                                                                      4001     0(0.00%) |     82       2     356     71 |  130.70        0.00

Type     Name                                                                          # reqs      # fails |    Avg     Min     Max    Med |   req/s  failures/s
--------|----------------------------------------------------------------------------|-------|-------------|-------|-------|-------|-------|--------|-----------
GET      /health                                                                          504     0(0.00%) |     18       2     170     13 |   14.80        0.00
POST     /transactions [POST]                                                            1069     0(0.00%) |    102      17     353     89 |   31.30        0.00
GET      /transactions/user                                                              2718     0(0.00%) |     85      16     356     73 |   83.80        0.00
--------|----------------------------------------------------------------------------|-------|-------------|-------|-------|-------|-------|--------|-----------
         Aggregated                                                                      4291     0(0.00%) |     81       2     356     70 |  129.90        0.00

Type     Name                                                                          # reqs      # fails |    Avg     Min     Max    Med |   req/s  failures/s
--------|----------------------------------------------------------------------------|-------|-------------|-------|-------|-------|-------|--------|-----------
GET      /health                                                                          545     0(0.00%) |     17       2     170     13 |   15.00        0.00
POST     /transactions [POST]                                                            1140     0(0.00%) |    101      17     353     88 |   32.10        0.00
GET      /transactions/user                                                              2879     0(0.00%) |     84      15     356     72 |   85.40        0.00
--------|----------------------------------------------------------------------------|-------|-------------|-------|-------|-------|-------|--------|-----------
         Aggregated                                                                      4564     0(0.00%) |     80       2     356     69 |  132.50        0.00

Type     Name                                                                          # reqs      # fails |    Avg     Min     Max    Med |   req/s  failures/s
--------|----------------------------------------------------------------------------|-------|-------------|-------|-------|-------|-------|--------|-----------
GET      /health                                                                          575     0(0.00%) |     17       2     170     12 |   16.20        0.00
POST     /transactions [POST]                                                            1206     0(0.00%) |     99      17     353     87 |   33.30        0.00
GET      /transactions/user                                                              3060     0(0.00%) |     83      15     356     71 |   84.50        0.00
--------|----------------------------------------------------------------------------|-------|-------------|-------|-------|-------|-------|--------|-----------
         Aggregated                                                                      4841     0(0.00%) |     79       2     356     68 |  134.00        0.00

Type     Name                                                                          # reqs      # fails |    Avg     Min     Max    Med |   req/s  failures/s
--------|----------------------------------------------------------------------------|-------|-------------|-------|-------|-------|-------|--------|-----------
GET      /health                                                                          611     0(0.00%) |     17       2     170     12 |   15.50        0.00
POST     /transactions [POST]                                                            1270     0(0.00%) |     99      17     353     86 |   33.30        0.00
GET      /transactions/user                                                              3225     0(0.00%) |     83      15     356     70 |   85.40        0.00
--------|----------------------------------------------------------------------------|-------|-------------|-------|-------|-------|-------|--------|-----------
         Aggregated                                                                      5106     0(0.00%) |     79       2     356     68 |  134.20        0.00

Type     Name                                                                          # reqs      # fails |    Avg     Min     Max    Med |   req/s  failures/s
--------|----------------------------------------------------------------------------|-------|-------------|-------|-------|-------|-------|--------|-----------
GET      /health                                                                          646     0(0.00%) |     17       2     170     12 |   17.10        0.00
POST     /transactions [POST]                                                            1333     0(0.00%) |     98      17     353     86 |   34.20        0.00
GET      /transactions/user                                                              3406     0(0.00%) |     82      15     356     69 |   84.40        0.00
--------|----------------------------------------------------------------------------|-------|-------------|-------|-------|-------|-------|--------|-----------
         Aggregated                                                                      5385     0(0.00%) |     78       2     356     67 |  135.70        0.00

Type     Name                                                                          # reqs      # fails |    Avg     Min     Max    Med |   req/s  failures/s
--------|----------------------------------------------------------------------------|-------|-------------|-------|-------|-------|-------|--------|-----------
GET      /health                                                                          681     0(0.00%) |     17       2     170     12 |   17.80        0.00
POST     /transactions [POST]                                                            1396     0(0.00%) |     99      17     353     86 |   33.50        0.00
GET      /transactions/user                                                              3577     0(0.00%) |     82      15     356     70 |   85.90        0.00
--------|----------------------------------------------------------------------------|-------|-------------|-------|-------|-------|-------|--------|-----------
         Aggregated                                                                      5654     0(0.00%) |     78       2     356     67 |  137.20        0.00

Type     Name                                                                          # reqs      # fails |    Avg     Min     Max    Med |   req/s  failures/s
--------|----------------------------------------------------------------------------|-------|-------------|-------|-------|-------|-------|--------|-----------
GET      /health                                                                          707     0(0.00%) |     17       2     170     12 |   18.50        0.00
POST     /transactions [POST]                                                            1451     0(0.00%) |     99      17     353     87 |   32.50        0.00
GET      /transactions/user                                                              3741     0(0.00%) |     83      15     356     70 |   86.40        0.00
--------|----------------------------------------------------------------------------|-------|-------------|-------|-------|-------|-------|--------|-----------
         Aggregated                                                                      5899     0(0.00%) |     79       2     356     68 |  137.40        0.00

Type     Name                                                                          # reqs      # fails |    Avg     Min     Max    Med |   req/s  failures/s
--------|----------------------------------------------------------------------------|-------|-------------|-------|-------|-------|-------|--------|-----------
GET      /health                                                                          739     0(0.00%) |     17       2     170     12 |   16.80        0.00
POST     /transactions [POST]                                                            1530     0(0.00%) |     99      17     353     87 |   31.60        0.00
GET      /transactions/user                                                              3915     0(0.00%) |     83      15     356     70 |   87.10        0.00
--------|----------------------------------------------------------------------------|-------|-------------|-------|-------|-------|-------|--------|-----------
         Aggregated                                                                      6184     0(0.00%) |     79       2     356     67 |  135.50        0.00

Type     Name                                                                          # reqs      # fails |    Avg     Min     Max    Med |   req/s  failures/s
--------|----------------------------------------------------------------------------|-------|-------------|-------|-------|-------|-------|--------|-----------
GET      /health                                                                          780     0(0.00%) |     17       2     170     12 |   16.00        0.00
POST     /transactions [POST]                                                            1585     0(0.00%) |     99      17     353     86 |   32.80        0.00
GET      /transactions/user                                                              4088     0(0.00%) |     82      15     356     70 |   84.90        0.00
--------|----------------------------------------------------------------------------|-------|-------------|-------|-------|-------|-------|--------|-----------
         Aggregated                                                                      6453     0(0.00%) |     78       2     356     67 |  133.70        0.00

Type     Name                                                                          # reqs      # fails |    Avg     Min     Max    Med |   req/s  failures/s
--------|----------------------------------------------------------------------------|-------|-------------|-------|-------|-------|-------|--------|-----------
GET      /health                                                                          822     0(0.00%) |     17       2     170     12 |   17.00        0.00
POST     /transactions [POST]                                                            1640     0(0.00%) |     98      17     353     86 |   31.60        0.00
GET      /transactions/user                                                              4261     0(0.00%) |     82      14     356     70 |   86.50        0.00
--------|----------------------------------------------------------------------------|-------|-------------|-------|-------|-------|-------|--------|-----------
         Aggregated                                                                      6723     0(0.00%) |     78       2     356     67 |  135.10        0.00

Type     Name                                                                          # reqs      # fails |    Avg     Min     Max    Med |   req/s  failures/s
--------|----------------------------------------------------------------------------|-------|-------------|-------|-------|-------|-------|--------|-----------
GET      /health                                                                          852     0(0.00%) |     17       2     170     12 |   17.40        0.00
POST     /transactions [POST]                                                            1695     0(0.00%) |     98      17     353     86 |   31.00        0.00
GET      /transactions/user                                                              4438     0(0.00%) |     81      14     356     69 |   85.20        0.00
--------|----------------------------------------------------------------------------|-------|-------------|-------|-------|-------|-------|--------|-----------
         Aggregated                                                                      6985     0(0.00%) |     77       2     356     67 |  133.60        0.00

Type     Name                                                                          # reqs      # fails |    Avg     Min     Max    Med |   req/s  failures/s
--------|----------------------------------------------------------------------------|-------|-------------|-------|-------|-------|-------|--------|-----------
GET      /health                                                                          888     0(0.00%) |     17       1     170     13 |   16.50        0.00
POST     /transactions [POST]                                                            1774     0(0.00%) |     98      17     353     86 |   30.20        0.00
GET      /transactions/user                                                              4592     0(0.00%) |     81      14     356     70 |   85.00        0.00
--------|----------------------------------------------------------------------------|-------|-------------|-------|-------|-------|-------|--------|-----------
         Aggregated                                                                      7254     0(0.00%) |     78       1     356     67 |  131.70        0.00

Type     Name                                                                          # reqs      # fails |    Avg     Min     Max    Med |   req/s  failures/s
--------|----------------------------------------------------------------------------|-------|-------------|-------|-------|-------|-------|--------|-----------
GET      /health                                                                          926     0(0.00%) |     17       1     170     13 |   15.49        0.00
POST     /transactions [POST]                                                            1830     0(0.00%) |     98      17     353     86 |   30.62        0.00
GET      /transactions/user                                                              4733     0(0.00%) |     81      14     356     69 |   79.18        0.00
--------|----------------------------------------------------------------------------|-------|-------------|-------|-------|-------|-------|--------|-----------
         Aggregated                                                                      7489     0(0.00%) |     77       1     356     67 |  125.29        0.00

Response time percentiles (approximated)
Type     Name                                                                                  50%    66%    75%    80%    90%    95%    98%    99%  99.9% 99.99%   100% # reqs
--------|--------------------------------------------------------------------------------|--------|------|------|------|------|------|------|------|------|------|------|------
GET      /health                                                                                13     18     22     25     35     49     66     75    170    170    170    926
POST     /transactions [POST]                                                                   86    110    130    140    170    210    250    260    330    350    350   1830
GET      /transactions/user                                                                     69     89    100    110    150    180    210    240    320    360    360   4733
--------|--------------------------------------------------------------------------------|--------|------|------|------|------|------|------|------|------|------|------|------
         Aggregated                                                                             67     87    100    120    150    180    220    250    310    360    360   7489

Type     Name                                                                          # reqs      # fails |    Avg     Min     Max    Med |   req/s  failures/s
--------|----------------------------------------------------------------------------|-------|-------------|-------|-------|-------|-------|--------|-----------
--------|----------------------------------------------------------------------------|-------|-------------|-------|-------|-------|-------|--------|-----------
         Aggregated                                                                         0     0(0.00%) |      0       0       0      0 |    0.00        0.00

Type     Name                                                                          # reqs      # fails |    Avg     Min     Max    Med |   req/s  failures/s
--------|----------------------------------------------------------------------------|-------|-------------|-------|-------|-------|-------|--------|-----------
POST     /auth/login                                                                       29     0(0.00%) |    330     252     425    330 |    0.00        0.00
POST     /auth/refresh                                                                      5     0(0.00%) |     71      26     106     98 |    0.00        0.00
GET      /me                                                                               30     0(0.00%) |     17       4      63     12 |    0.00        0.00
POST     /users                                                                            20     0(0.00%) |    342     289     414    330 |    0.00        0.00
--------|----------------------------------------------------------------------------|-------|-------------|-------|-------|-------|-------|--------|-----------
         Aggregated                                                                        84     0(0.00%) |    205       4     425    300 |    0.00        0.00

Type     Name                                                                          # reqs      # fails |    Avg     Min     Max    Med |   req/s  failures/s
--------|----------------------------------------------------------------------------|-------|-------------|-------|-------|-------|-------|--------|-----------
POST     /auth/login                                                                       73     0(0.00%) |    362     237     532    350 |    6.50        0.00
POST     /auth/refresh                                                                     26     0(0.00%) |     53      15     141     48 |    1.50        0.00
GET      /me                                                                              111     0(0.00%) |     37       4     195     20 |    7.50        0.00
POST     /users                                                                            40     0(0.00%) |    390     289     774    360 |    9.50        0.00
--------|----------------------------------------------------------------------------|-------|-------------|-------|-------|-------|-------|--------|-----------
         Aggregated                                                                       250     0(0.00%) |    190       4     774    100 |   25.00        0.00

Type     Name                                                                          # reqs      # fails |    Avg     Min     Max    Med |   req/s  failures/s
--------|----------------------------------------------------------------------------|-------|-------------|-------|-------|-------|-------|--------|-----------
POST     /auth/login                                                                      129     0(0.00%) |    404     237     823    370 |   14.00        0.00
POST     /auth/refresh                                                                     49     0(0.00%) |     75      15     407     55 |    4.00        0.00
GET      /me                                                                              232     0(0.00%) |     54       4     515     32 |   21.25        0.00
POST     /users                                                                            50     0(0.00%) |    450     289     873    370 |    8.00        0.00
--------|----------------------------------------------------------------------------|-------|-------------|-------|-------|-------|-------|--------|-----------
         Aggregated                                                                       460     0(0.00%) |    197       4     873     87 |   47.25        0.00

Type     Name                                                                          # reqs      # fails |    Avg     Min     Max    Med |   req/s  failures/s
--------|----------------------------------------------------------------------------|-------|-------------|-------|-------|-------|-------|--------|-----------
POST     /auth/login                                                                      191     0(0.00%) |    395     237     823    370 |   19.00        0.00
POST     /auth/refresh                                                                     80     0(0.00%) |     72      15     407     53 |    6.67        0.00
GET      /me                                                                              368     0(0.00%) |     51       4     515     33 |   30.50        0.00
POST     /users                                                                            50     0(0.00%) |    450     289     873    370 |    8.33        0.00
--------|----------------------------------------------------------------------------|-------|-------------|-------|-------|-------|-------|--------|-----------
         Aggregated                                                                       689     0(0.00%) |    178       4     873     79 |   64.50        0.00

Type     Name                                                                          # reqs      # fails |    Avg     Min     Max    Med |   req/s  failures/s
--------|----------------------------------------------------------------------------|-------|-------------|-------|-------|-------|-------|--------|-----------
POST     /auth/login                                                                      243     0(0.00%) |    384     237     823    360 |   21.75        0.00
POST     /auth/refresh                                                                    110     0(0.00%) |     68      15     407     53 |    8.75        0.00
GET      /me                                                                              543     0(0.00%) |     44       4     515     29 |   39.38        0.00
POST     /users                                                                            50     0(0.00%) |    450     289     873    370 |    6.25        0.00
--------|----------------------------------------------------------------------------|-------|-------------|-------|-------|-------|-------|--------|-----------
         Aggregated                                                                       946     0(0.00%) |    156       4     873     56 |   76.12        0.00

Type     Name                                                                          # reqs      # fails |    Avg     Min     Max    Med |   req/s  failures/s
--------|----------------------------------------------------------------------------|-------|-------------|-------|-------|-------|-------|--------|-----------
POST     /auth/login                                                                      303     0(0.00%) |    375     237     823    350 |   22.80        0.00
POST     /auth/refresh                                                                    143     0(0.00%) |     65      15     407     52 |   10.10        0.00
GET      /me                                                                              695     0(0.00%) |     42       4     515     29 |   49.30        0.00
POST     /users                                                                            50     0(0.00%) |    450     289     873    370 |    5.00        0.00
--------|----------------------------------------------------------------------------|-------|-------------|-------|-------|-------|-------|--------|-----------
         Aggregated                                                                      1191     0(0.00%) |    146       4     873     53 |   87.20        0.00

Type     Name                                                                          # reqs      # fails |    Avg     Min     Max    Med |   req/s  failures/s
--------|----------------------------------------------------------------------------|-------|-------------|-------|-------|-------|-------|--------|-----------
POST     /auth/login                                                                      357     0(0.00%) |    369     237     823    340 |   27.20        0.00
POST     /auth/refresh                                                                    173     0(0.00%) |     60      12     407     43 |   13.30        0.00
GET      /me                                                                              858     0(0.00%) |     40       4     515     27 |   64.00        0.00
POST     /users                                                                            50     0(0.00%) |    450     289     873    370 |    3.10        0.00
--------|----------------------------------------------------------------------------|-------|-------------|-------|-------|-------|-------|--------|-----------
         Aggregated                                                                      1438     0(0.00%) |    138       4     873     49 |  107.60        0.00

Type     Name                                                                          # reqs      # fails |    Avg     Min     Max    Med |   req/s  failures/s
--------|----------------------------------------------------------------------------|-------|-------------|-------|-------|-------|-------|--------|-----------
POST     /auth/login                                                                      421     0(0.00%) |    376     237     823    350 |   28.40        0.00
POST     /auth/refresh                                                                    196     0(0.00%) |     63      12     407     50 |   15.10        0.00
GET      /me                                                                              994     0(0.00%) |     42       4     515     29 |   73.30        0.00
POST     /users                                                                            50     0(0.00%) |    450     289     873    370 |    1.80        0.00
--------|----------------------------------------------------------------------------|-------|-------------|-------|-------|-------|-------|--------|-----------
         Aggregated                                                                      1661     0(0.00%) |    141       4     873     53 |  118.60        0.00

Type     Name                                                                          # reqs      # fails |    Avg     Min     Max    Med |   req/s  failures/s
--------|----------------------------------------------------------------------------|-------|-------------|-------|-------|-------|-------|--------|-----------
POST     /auth/login                                                                      480     0(0.00%) |    375     237     823    350 |   28.90        0.00
POST     /auth/refresh                                                                    226     0(0.00%) |     64      12     407     53 |   14.90        0.00
GET      /me                                                                             1143     0(0.00%) |     42       4     515     30 |   76.90        0.00
POST     /users                                                                            50     0(0.00%) |    450     289     873    370 |    0.00        0.00
--------|----------------------------------------------------------------------------|-------|-------------|-------|-------|-------|-------|--------|-----------
         Aggregated                                                                      1899     0(0.00%) |    140       4     873     54 |  120.70        0.00

Type     Name                                                                          # reqs      # fails |    Avg     Min     Max    Med |   req/s  failures/s
--------|----------------------------------------------------------------------------|-------|-------------|-------|-------|-------|-------|--------|-----------
POST     /auth/login                                                                      548     0(0.00%) |    375     237     823    350 |   28.70        0.00
POST     /auth/refresh                                                                    247     0(0.00%) |     65      12     407     54 |   14.60        0.00
GET      /me                                                                             1272     0(0.00%) |     42       4     515     31 |   79.20        0.00
POST     /users                                                                            50     0(0.00%) |    450     289     873    370 |    0.00        0.00
--------|----------------------------------------------------------------------------|-------|-------------|-------|-------|-------|-------|--------|-----------
         Aggregated                                                                      2117     0(0.00%) |    141       4     873     55 |  122.50        0.00

Type     Name                                                                          # reqs      # fails |    Avg     Min     Max    Med |   req/s  failures/s
--------|----------------------------------------------------------------------------|-------|-------------|-------|-------|-------|-------|--------|-----------
POST     /auth/login                                                                      613     0(0.00%) |    373     237     823    350 |   29.50        0.00
POST     /auth/refresh                                                                    273     0(0.00%) |     65      12     407     54 |   14.10        0.00
GET      /me                                                                             1416     0(0.00%) |     42       4     515     31 |   74.00        0.00
POST     /users                                                                            50     0(0.00%) |    450     289     873    370 |    0.00        0.00
--------|----------------------------------------------------------------------------|-------|-------------|-------|-------|-------|-------|--------|-----------
         Aggregated                                                                      2352     0(0.00%) |    140       4     873     54 |  117.60        0.00

Type     Name                                                                          # reqs      # fails |    Avg     Min     Max    Med |   req/s  failures/s
--------|----------------------------------------------------------------------------|-------|-------------|-------|-------|-------|-------|--------|-----------
POST     /auth/login                                                                      679     0(0.00%) |    376     237     823    360 |   30.80        0.00
POST     /auth/refresh                                                                    300     0(0.00%) |     68      12     407     58 |   13.00        0.00
GET      /me                                                                             1533     0(0.00%) |     45       4     515     33 |   72.30        0.00
POST     /users                                                                            50     0(0.00%) |    450     289     873    370 |    0.00        0.00
--------|----------------------------------------------------------------------------|-------|-------------|-------|-------|-------|-------|--------|-----------
         Aggregated                                                                      2562     0(0.00%) |    143       4     873     58 |  116.10        0.00

Type     Name                                                                          # reqs      # fails |    Avg     Min     Max    Med |   req/s  failures/s
--------|----------------------------------------------------------------------------|-------|-------------|-------|-------|-------|-------|--------|-----------
POST     /auth/login                                                                      729     0(0.00%) |    383     237     823    360 |   31.80        0.00
POST     /auth/refresh                                                                    332     0(0.00%) |     74      11     480     61 |   12.30        0.00
GET      /me                                                                             1665     0(0.00%) |     48       3     515     33 |   67.70        0.00
POST     /users                                                                            50     0(0.00%) |    450     289     873    370 |    0.00        0.00
--------|----------------------------------------------------------------------------|-------|-------------|-------|-------|-------|-------|--------|-----------
         Aggregated                                                                      2776     0(0.00%) |    146       3     873     60 |  111.80        0.00

Type     Name                                                                          # reqs      # fails |    Avg     Min     Max    Med |   req/s  failures/s
--------|----------------------------------------------------------------------------|-------|-------------|-------|-------|-------|-------|--------|-----------
POST     /auth/login                                                                      785     0(0.00%) |    379     237     823    360 |   30.70        0.00
POST     /auth/refresh                                                                    350     0(0.00%) |     72      11     480     59 |   12.90        0.00
GET      /me                                                                             1835     0(0.00%) |     46       3     515     32 |   65.90        0.00
POST     /users                                                                            50     0(0.00%) |    450     289     873    370 |    0.00        0.00
--------|----------------------------------------------------------------------------|-------|-------------|-------|-------|-------|-------|--------|-----------
         Aggregated                                                                      3020     0(0.00%) |    142       3     873     57 |  109.50        0.00

Type     Name                                                                          # reqs      # fails |    Avg     Min     Max    Med |   req/s  failures/s
--------|----------------------------------------------------------------------------|-------|-------------|-------|-------|-------|-------|--------|-----------
POST     /auth/login                                                                      847     0(0.00%) |    377     237     823    360 |   30.80        0.00
POST     /auth/refresh                                                                    378     0(0.00%) |     72      11     480     60 |   12.60        0.00
GET      /me                                                                             1979     0(0.00%) |     46       3     515     32 |   67.40        0.00
POST     /users                                                                            50     0(0.00%) |    450     289     873    370 |    0.00        0.00
--------|----------------------------------------------------------------------------|-------|-------------|-------|-------|-------|-------|--------|-----------
         Aggregated                                                                      3254     0(0.00%) |    141       3     873     58 |  110.80        0.00

Type     Name                                                                          # reqs      # fails |    Avg     Min     Max    Med |   req/s  failures/s
--------|----------------------------------------------------------------------------|-------|-------------|-------|-------|-------|-------|--------|-----------
POST     /auth/login                                                                      899     0(0.00%) |    376     237     823    360 |   30.00        0.00
POST     /auth/refresh                                                                    416     0(0.00%) |     71      11     480     59 |   12.90        0.00
GET      /me                                                                             2123     0(0.00%) |     45       3     515     32 |   70.40        0.00
POST     /users                                                                            50     0(0.00%) |    450     289     873    370 |    0.00        0.00
--------|----------------------------------------------------------------------------|-------|-------------|-------|-------|-------|-------|--------|-----------
         Aggregated                                                                      3488     0(0.00%) |    139       3     873     56 |  113.30        0.00

Type     Name                                                                          # reqs      # fails |    Avg     Min     Max    Med |   req/s  failures/s
--------|----------------------------------------------------------------------------|-------|-------------|-------|-------|-------|-------|--------|-----------
POST     /auth/login                                                                      955     0(0.00%) |    375     237     823    360 |   28.90        0.00
POST     /auth/refresh                                                                    448     0(0.00%) |     69      11     480     56 |   14.00        0.00
GET      /me                                                                             2266     0(0.00%) |     44       3     515     32 |   70.40        0.00
POST     /users                                                                            50     0(0.00%) |    450     289     873    370 |    0.00        0.00
--------|----------------------------------------------------------------------------|-------|-------------|-------|-------|-------|-------|--------|-----------
         Aggregated                                                                      3719     0(0.00%) |    137       3     873     55 |  113.30        0.00

Type     Name                                                                          # reqs      # fails |    Avg     Min     Max    Med |   req/s  failures/s
--------|----------------------------------------------------------------------------|-------|-------------|-------|-------|-------|-------|--------|-----------
POST     /auth/login                                                                     1008     0(0.00%) |    376     237     823    360 |   28.30        0.00
POST     /auth/refresh                                                                    479     0(0.00%) |     69      11     480     56 |   14.70        0.00
GET      /me                                                                             2415     0(0.00%) |     45       3     515     32 |   73.90        0.00
POST     /users                                                                            50     0(0.00%) |    450     289     873    370 |    0.00        0.00
--------|----------------------------------------------------------------------------|-------|-------------|-------|-------|-------|-------|--------|-----------
         Aggregated                                                                      3952     0(0.00%) |    137       3     873     55 |  116.90        0.00

Type     Name                                                                          # reqs      # fails |    Avg     Min     Max    Med |   req/s  failures/s
--------|----------------------------------------------------------------------------|-------|-------------|-------|-------|-------|-------|--------|-----------
POST     /auth/login                                                                     1065     0(0.00%) |    375     237     823    360 |   28.20        0.00
POST     /auth/refresh                                                                    506     0(0.00%) |     69       9     480     56 |   14.80        0.00
GET      /me                                                                             2570     0(0.00%) |     45       3     515     32 |   75.50        0.00
POST     /users                                                                            50     0(0.00%) |    450     289     873    370 |    0.00        0.00
--------|----------------------------------------------------------------------------|-------|-------------|-------|-------|-------|-------|--------|-----------
         Aggregated                                                                      4191     0(0.00%) |    136       3     873     55 |  118.60        0.00

Type     Name                                                                          # reqs      # fails |    Avg     Min     Max    Med |   req/s  failures/s
--------|----------------------------------------------------------------------------|-------|-------------|-------|-------|-------|-------|--------|-----------
POST     /auth/login                                                                     1123     0(0.00%) |    374     237     823    360 |   28.10        0.00
POST     /auth/refresh                                                                    535     0(0.00%) |     69       9     480     56 |   15.70        0.00
GET      /me                                                                             2709     0(0.00%) |     44       3     515     31 |   72.90        0.00
POST     /users                                                                            50     0(0.00%) |    450     289     873    370 |    0.00        0.00
--------|----------------------------------------------------------------------------|-------|-------------|-------|-------|-------|-------|--------|-----------
         Aggregated                                                                      4417     0(0.00%) |    136       3     873     54 |  116.70        0.00

Type     Name                                                                          # reqs      # fails |    Avg     Min     Max    Med |   req/s  failures/s
--------|----------------------------------------------------------------------------|-------|-------------|-------|-------|-------|-------|--------|-----------
POST     /auth/login                                                                     1188     0(0.00%) |    373     237     823    360 |   28.30        0.00
POST     /auth/refresh                                                                    559     0(0.00%) |     69       9     480     56 |   15.40        0.00
GET      /me                                                                             2856     0(0.00%) |     45       3     515     31 |   71.90        0.00
POST     /users                                                                            50     0(0.00%) |    450     289     873    370 |    0.00        0.00
--------|----------------------------------------------------------------------------|-------|-------------|-------|-------|-------|-------|--------|-----------
         Aggregated                                                                      4653     0(0.00%) |    136       3     873     54 |  115.60        0.00

Type     Name                                                                          # reqs      # fails |    Avg     Min     Max    Med |   req/s  failures/s
--------|----------------------------------------------------------------------------|-------|-------------|-------|-------|-------|-------|--------|-----------
POST     /auth/login                                                                     1245     0(0.00%) |    373     237     823    360 |   28.20        0.00
POST     /auth/refresh                                                                    588     0(0.00%) |     69       9     480     56 |   14.20        0.00
GET      /me                                                                             3003     0(0.00%) |     44       3     515     31 |   73.20        0.00
POST     /users                                                                            50     0(0.00%) |    450     289     873    370 |    0.00        0.00
--------|----------------------------------------------------------------------------|-------|-------------|-------|-------|-------|-------|--------|-----------
         Aggregated                                                                      4886     0(0.00%) |    135       3     873     54 |  115.60        0.00

Type     Name                                                                          # reqs      # fails |    Avg     Min     Max    Med |   req/s  failures/s
--------|----------------------------------------------------------------------------|-------|-------------|-------|-------|-------|-------|--------|-----------
POST     /auth/login                                                                     1305     0(0.00%) |    372     237     823    350 |   28.60        0.00
POST     /auth/refresh                                                                    629     0(0.00%) |     69       9     480     56 |   14.10        0.00
GET      /me                                                                             3146     0(0.00%) |     44       3     515     32 |   73.00        0.00
POST     /users                                                                            50     0(0.00%) |    450     289     873    370 |    0.00        0.00
--------|----------------------------------------------------------------------------|-------|-------------|-------|-------|-------|-------|--------|-----------
         Aggregated                                                                      5130     0(0.00%) |    135       3     873     55 |  115.70        0.00

Type     Name                                                                          # reqs      # fails |    Avg     Min     Max    Med |   req/s  failures/s
--------|----------------------------------------------------------------------------|-------|-------------|-------|-------|-------|-------|--------|-----------
POST     /auth/login                                                                     1357     0(0.00%) |    374     237     823    360 |   29.10        0.00
POST     /auth/refresh                                                                    649     0(0.00%) |     70       9     480     57 |   15.00        0.00
GET      /me                                                                             3273     0(0.00%) |     45       3     515     32 |   73.40        0.00
POST     /users                                                                            50     0(0.00%) |    450     289     873    370 |    0.00        0.00
--------|----------------------------------------------------------------------------|-------|-------------|-------|-------|-------|-------|--------|-----------
         Aggregated                                                                      5329     0(0.00%) |    136       3     873     55 |  117.40        0.00

Type     Name                                                                          # reqs      # fails |    Avg     Min     Max    Med |   req/s  failures/s
--------|----------------------------------------------------------------------------|-------|-------------|-------|-------|-------|-------|--------|-----------
POST     /auth/login                                                                     1426     0(0.00%) |    379     237     957    360 |   29.30        0.00
POST     /auth/refresh                                                                    668     0(0.00%) |     70       9     480     57 |   14.50        0.00
GET      /me                                                                             3400     0(0.00%) |     47       3     515     32 |   72.00        0.00
POST     /users                                                                            50     0(0.00%) |    450     289     873    370 |    0.00        0.00
--------|----------------------------------------------------------------------------|-------|-------------|-------|-------|-------|-------|--------|-----------
         Aggregated                                                                      5544     0(0.00%) |    139       3     957     56 |  115.80        0.00

Type     Name                                                                          # reqs      # fails |    Avg     Min     Max    Med |   req/s  failures/s
--------|----------------------------------------------------------------------------|-------|-------------|-------|-------|-------|-------|--------|-----------
POST     /auth/login                                                                     1476     0(0.00%) |    378     237     957    360 |   29.70        0.00
POST     /auth/refresh                                                                    698     0(0.00%) |     70       9     480     56 |   13.30        0.00
GET      /me                                                                             3567     0(0.00%) |     46       3     515     31 |   69.90        0.00
POST     /users                                                                            50     0(0.00%) |    450     289     873    370 |    0.00        0.00
--------|----------------------------------------------------------------------------|-------|-------------|-------|-------|-------|-------|--------|-----------
         Aggregated                                                                      5791     0(0.00%) |    137       3     957     55 |  112.90        0.00

Type     Name                                                                          # reqs      # fails |    Avg     Min     Max    Med |   req/s  failures/s
--------|----------------------------------------------------------------------------|-------|-------------|-------|-------|-------|-------|--------|-----------
POST     /auth/login                                                                     1535     0(0.00%) |    379     237     957    360 |   29.40        0.00
POST     /auth/refresh                                                                    729     0(0.00%) |     72       9     480     56 |   14.20        0.00
GET      /me                                                                             3700     0(0.00%) |     46       3     515     32 |   69.10        0.00
POST     /users                                                                            50     0(0.00%) |    450     289     873    370 |    0.00        0.00
--------|----------------------------------------------------------------------------|-------|-------------|-------|-------|-------|-------|--------|-----------
         Aggregated                                                                      6014     0(0.00%) |    138       3     957     55 |  112.70        0.00

Type     Name                                                                          # reqs      # fails |    Avg     Min     Max    Med |   req/s  failures/s
--------|----------------------------------------------------------------------------|-------|-------------|-------|-------|-------|-------|--------|-----------
POST     /auth/login                                                                     1586     0(0.00%) |    378     237     957    360 |   28.70        0.00
POST     /auth/refresh                                                                    756     0(0.00%) |     71       9     480     56 |   14.10        0.00
GET      /me                                                                             3879     0(0.00%) |     46       3     515     31 |   68.90        0.00
POST     /users                                                                            50     0(0.00%) |    450     289     873    370 |    0.00        0.00
--------|----------------------------------------------------------------------------|-------|-------------|-------|-------|-------|-------|--------|-----------
         Aggregated                                                                      6271     0(0.00%) |    136       3     957     54 |  111.70        0.00

Type     Name                                                                          # reqs      # fails |    Avg     Min     Max    Med |   req/s  failures/s
--------|----------------------------------------------------------------------------|-------|-------------|-------|-------|-------|-------|--------|-----------
POST     /auth/login                                                                     1643     0(0.00%) |    378     237     957    360 |   29.00        0.00
POST     /auth/refresh                                                                    783     0(0.00%) |     72       9     480     56 |   13.00        0.00
GET      /me                                                                             4017     0(0.00%) |     46       3     515     31 |   72.10        0.00
POST     /users                                                                            50     0(0.00%) |    450     289     873    370 |    0.00        0.00
--------|----------------------------------------------------------------------------|-------|-------------|-------|-------|-------|-------|--------|-----------
         Aggregated                                                                      6493     0(0.00%) |    136       3     957     54 |  114.10        0.00

Type     Name                                                                          # reqs      # fails |    Avg     Min     Max    Med |   req/s  failures/s
--------|----------------------------------------------------------------------------|-------|-------------|-------|-------|-------|-------|--------|-----------
POST     /auth/login                                                                     1693     0(0.00%) |    377     237     957    360 |   28.26        0.00
POST     /auth/refresh                                                                    820     0(0.00%) |     71       9     480     55 |   13.69        0.00
GET      /me                                                                             4151     0(0.00%) |     45       3     515     31 |   69.29        0.00
POST     /users                                                                            50     0(0.00%) |    450     289     873    370 |    0.83        0.00
--------|----------------------------------------------------------------------------|-------|-------------|-------|-------|-------|-------|--------|-----------
         Aggregated                                                                      6714     0(0.00%) |    135       3     957     53 |  112.07        0.00

Response time percentiles (approximated)
Type     Name                                                                                  50%    66%    75%    80%    90%    95%    98%    99%  99.9% 99.99%   100% # reqs
--------|--------------------------------------------------------------------------------|--------|------|------|------|------|------|------|------|------|------|------|------
POST     /auth/login                                                                           360    380    410    420    480    530    600    640    820    960    960   1693
POST     /auth/refresh                                                                          55     78     92    100    140    170    240    290    480    480    480    820
GET      /me                                                                                    31     45     59     68    100    140    180    230    330    520    520   4151
POST     /users                                                                                370    440    500    630    800    820    870    870    870    870    870     50
--------|--------------------------------------------------------------------------------|--------|------|------|------|------|------|------|------|------|------|------|------
         Aggregated                                                                             53    110    300    320    380    430    510    560    800    960    960   6714

