[2026-05-19 18:03:24,948] kevinq/INFO/locust.main: Starting Locust 2.44.0
[2026-05-19 18:03:24,948] kevinq/INFO/locust.main: Run time limit set to 90 seconds
[2026-05-19 18:03:24,949] kevinq/INFO/locust.runners: Ramping to 150 users at a rate of 10.00 per second
[2026-05-19 18:03:25,538] kevinq/INFO/httpx: HTTP Request: POST http://localhost:8081/users "HTTP/1.1 200 OK"
[2026-05-19 18:03:25,562] kevinq/INFO/httpx: HTTP Request: POST http://localhost:8081/users "HTTP/1.1 200 OK"
[2026-05-19 18:03:25,563] kevinq/INFO/httpx: HTTP Request: POST http://localhost:8081/users "HTTP/1.1 200 OK"
[2026-05-19 18:03:25,563] kevinq/INFO/httpx: HTTP Request: POST http://localhost:8081/users "HTTP/1.1 200 OK"
[2026-05-19 18:03:25,619] kevinq/INFO/httpx: HTTP Request: POST http://localhost:8081/users "HTTP/1.1 200 OK"
[2026-05-19 18:03:25,619] kevinq/INFO/httpx: HTTP Request: POST http://localhost:8081/users "HTTP/1.1 200 OK"
[2026-05-19 18:03:25,619] kevinq/INFO/httpx: HTTP Request: POST http://localhost:8081/users "HTTP/1.1 200 OK"
[2026-05-19 18:03:25,620] kevinq/INFO/httpx: HTTP Request: POST http://localhost:8081/users "HTTP/1.1 200 OK"
[2026-05-19 18:03:25,620] kevinq/INFO/httpx: HTTP Request: POST http://localhost:8081/users "HTTP/1.1 200 OK"
[2026-05-19 18:03:25,728] kevinq/INFO/httpx: HTTP Request: POST http://localhost:8081/users "HTTP/1.1 200 OK"
[2026-05-19 18:03:26,215] kevinq/INFO/httpx: HTTP Request: POST http://localhost:8081/auth/login "HTTP/1.1 200 OK"
[2026-05-19 18:03:26,216] kevinq/INFO/httpx: HTTP Request: POST http://localhost:8081/auth/login "HTTP/1.1 200 OK"
[2026-05-19 18:03:26,216] kevinq/INFO/httpx: HTTP Request: POST http://localhost:8081/auth/login "HTTP/1.1 200 OK"
[2026-05-19 18:03:26,216] kevinq/INFO/httpx: HTTP Request: POST http://localhost:8081/auth/login "HTTP/1.1 200 OK"
[2026-05-19 18:03:26,216] kevinq/INFO/httpx: HTTP Request: POST http://localhost:8081/auth/login "HTTP/1.1 200 OK"
[2026-05-19 18:03:26,217] kevinq/INFO/httpx: HTTP Request: POST http://localhost:8081/auth/login "HTTP/1.1 200 OK"
[2026-05-19 18:03:26,217] kevinq/INFO/httpx: HTTP Request: POST http://localhost:8081/auth/login "HTTP/1.1 200 OK"
[2026-05-19 18:03:26,217] kevinq/INFO/httpx: HTTP Request: POST http://localhost:8081/auth/login "HTTP/1.1 200 OK"
[2026-05-19 18:03:26,218] kevinq/INFO/httpx: HTTP Request: POST http://localhost:8081/auth/login "HTTP/1.1 200 OK"
[2026-05-19 18:03:26,310] kevinq/INFO/httpx: HTTP Request: POST http://localhost:8081/auth/login "HTTP/1.1 200 OK"
[2026-05-19 18:03:26,636] kevinq/INFO/httpx: HTTP Request: POST http://localhost:8081/users "HTTP/1.1 200 OK"
[2026-05-19 18:03:26,660] kevinq/INFO/httpx: HTTP Request: POST http://localhost:8081/users "HTTP/1.1 200 OK"
[2026-05-19 18:03:26,661] kevinq/INFO/httpx: HTTP Request: POST http://localhost:8081/users "HTTP/1.1 200 OK"
[2026-05-19 18:03:26,661] kevinq/INFO/httpx: HTTP Request: POST http://localhost:8081/users "HTTP/1.1 200 OK"
[2026-05-19 18:03:26,662] kevinq/INFO/httpx: HTTP Request: POST http://localhost:8081/users "HTTP/1.1 200 OK"
[2026-05-19 18:03:26,662] kevinq/INFO/httpx: HTTP Request: POST http://localhost:8081/users "HTTP/1.1 200 OK"
[2026-05-19 18:03:26,663] kevinq/INFO/httpx: HTTP Request: POST http://localhost:8081/users "HTTP/1.1 200 OK"
[2026-05-19 18:03:26,782] kevinq/INFO/httpx: HTTP Request: POST http://localhost:8081/users "HTTP/1.1 200 OK"
[2026-05-19 18:03:26,782] kevinq/INFO/httpx: HTTP Request: POST http://localhost:8081/users "HTTP/1.1 200 OK"
[2026-05-19 18:03:26,783] kevinq/INFO/httpx: HTTP Request: POST http://localhost:8081/users "HTTP/1.1 200 OK"
[2026-05-19 18:03:27,241] kevinq/INFO/httpx: HTTP Request: POST http://localhost:8081/auth/login "HTTP/1.1 200 OK"
[2026-05-19 18:03:27,250] kevinq/INFO/httpx: HTTP Request: POST http://localhost:8081/auth/login "HTTP/1.1 200 OK"
[2026-05-19 18:03:27,252] kevinq/INFO/httpx: HTTP Request: POST http://localhost:8081/auth/login "HTTP/1.1 200 OK"
[2026-05-19 18:03:27,257] kevinq/INFO/httpx: HTTP Request: POST http://localhost:8081/auth/login "HTTP/1.1 200 OK"
[2026-05-19 18:03:27,259] kevinq/INFO/httpx: HTTP Request: POST http://localhost:8081/auth/login "HTTP/1.1 200 OK"
[2026-05-19 18:03:27,264] kevinq/INFO/httpx: HTTP Request: POST http://localhost:8081/auth/login "HTTP/1.1 200 OK"
[2026-05-19 18:03:27,343] kevinq/INFO/httpx: HTTP Request: POST http://localhost:8081/auth/login "HTTP/1.1 200 OK"
[2026-05-19 18:03:27,356] kevinq/INFO/httpx: HTTP Request: POST http://localhost:8081/auth/login "HTTP/1.1 200 OK"
[2026-05-19 18:03:27,384] kevinq/INFO/httpx: HTTP Request: POST http://localhost:8081/auth/login "HTTP/1.1 200 OK"
[2026-05-19 18:03:27,389] kevinq/INFO/httpx: HTTP Request: POST http://localhost:8081/auth/login "HTTP/1.1 200 OK"
[2026-05-19 18:03:27,654] kevinq/INFO/httpx: HTTP Request: POST http://localhost:8081/users "HTTP/1.1 200 OK"
[2026-05-19 18:03:27,714] kevinq/INFO/httpx: HTTP Request: POST http://localhost:8081/users "HTTP/1.1 200 OK"
[2026-05-19 18:03:27,715] kevinq/INFO/httpx: HTTP Request: POST http://localhost:8081/users "HTTP/1.1 200 OK"
[2026-05-19 18:03:27,717] kevinq/INFO/httpx: HTTP Request: POST http://localhost:8081/users "HTTP/1.1 200 OK"
[2026-05-19 18:03:27,813] kevinq/INFO/httpx: HTTP Request: POST http://localhost:8081/users "HTTP/1.1 200 OK"
[2026-05-19 18:03:27,813] kevinq/INFO/httpx: HTTP Request: POST http://localhost:8081/users "HTTP/1.1 200 OK"
[2026-05-19 18:03:27,814] kevinq/INFO/httpx: HTTP Request: POST http://localhost:8081/users "HTTP/1.1 200 OK"
[2026-05-19 18:03:27,814] kevinq/INFO/httpx: HTTP Request: POST http://localhost:8081/users "HTTP/1.1 200 OK"
[2026-05-19 18:03:27,931] kevinq/INFO/httpx: HTTP Request: POST http://localhost:8081/users "HTTP/1.1 200 OK"
[2026-05-19 18:03:27,932] kevinq/INFO/httpx: HTTP Request: POST http://localhost:8081/users "HTTP/1.1 200 OK"
[2026-05-19 18:03:28,288] kevinq/INFO/httpx: HTTP Request: POST http://localhost:8081/auth/login "HTTP/1.1 200 OK"
[2026-05-19 18:03:28,289] kevinq/INFO/httpx: HTTP Request: POST http://localhost:8081/auth/login "HTTP/1.1 200 OK"
[2026-05-19 18:03:28,289] kevinq/INFO/httpx: HTTP Request: POST http://localhost:8081/auth/login "HTTP/1.1 200 OK"
[2026-05-19 18:03:28,290] kevinq/INFO/httpx: HTTP Request: POST http://localhost:8081/auth/login "HTTP/1.1 200 OK"
[2026-05-19 18:03:28,377] kevinq/INFO/httpx: HTTP Request: POST http://localhost:8081/auth/login "HTTP/1.1 200 OK"
[2026-05-19 18:03:28,406] kevinq/INFO/httpx: HTTP Request: POST http://localhost:8081/auth/login "HTTP/1.1 200 OK"
[2026-05-19 18:03:28,425] kevinq/INFO/httpx: HTTP Request: POST http://localhost:8081/auth/login "HTTP/1.1 200 OK"
[2026-05-19 18:03:28,474] kevinq/INFO/httpx: HTTP Request: POST http://localhost:8081/auth/login "HTTP/1.1 200 OK"
[2026-05-19 18:03:28,780] kevinq/INFO/httpx: HTTP Request: POST http://localhost:8081/users "HTTP/1.1 200 OK"
[2026-05-19 18:03:28,892] kevinq/INFO/httpx: HTTP Request: POST http://localhost:8081/users "HTTP/1.1 200 OK"
[2026-05-19 18:03:28,893] kevinq/INFO/httpx: HTTP Request: POST http://localhost:8081/users "HTTP/1.1 200 OK"
[2026-05-19 18:03:28,894] kevinq/INFO/httpx: HTTP Request: POST http://localhost:8081/users "HTTP/1.1 200 OK"
[2026-05-19 18:03:28,897] kevinq/INFO/httpx: HTTP Request: POST http://localhost:8081/auth/login "HTTP/1.1 200 OK"
[2026-05-19 18:03:28,898] kevinq/INFO/httpx: HTTP Request: POST http://localhost:8081/users "HTTP/1.1 200 OK"
[2026-05-19 18:03:28,898] kevinq/INFO/httpx: HTTP Request: POST http://localhost:8081/users "HTTP/1.1 200 OK"
[2026-05-19 18:03:28,900] kevinq/INFO/httpx: HTTP Request: POST http://localhost:8081/auth/login "HTTP/1.1 200 OK"
[2026-05-19 18:03:28,900] kevinq/INFO/httpx: HTTP Request: POST http://localhost:8081/users "HTTP/1.1 200 OK"
[2026-05-19 18:03:28,901] kevinq/INFO/httpx: HTTP Request: POST http://localhost:8081/users "HTTP/1.1 200 OK"
[2026-05-19 18:03:28,902] kevinq/INFO/httpx: HTTP Request: POST http://localhost:8081/users "HTTP/1.1 200 OK"
[2026-05-19 18:03:28,902] kevinq/INFO/httpx: HTTP Request: POST http://localhost:8081/users "HTTP/1.1 200 OK"
[2026-05-19 18:03:29,412] kevinq/INFO/httpx: HTTP Request: POST http://localhost:8081/auth/login "HTTP/1.1 200 OK"
[2026-05-19 18:03:29,683] kevinq/INFO/httpx: HTTP Request: POST http://localhost:8081/users "HTTP/1.1 200 OK"
[2026-05-19 18:03:29,780] kevinq/INFO/httpx: HTTP Request: POST http://localhost:8081/users "HTTP/1.1 200 OK"
[2026-05-19 18:03:29,782] kevinq/INFO/httpx: HTTP Request: POST http://localhost:8081/users "HTTP/1.1 200 OK"
[2026-05-19 18:03:29,787] kevinq/INFO/httpx: HTTP Request: POST http://localhost:8081/users "HTTP/1.1 200 OK"
[2026-05-19 18:03:29,788] kevinq/INFO/httpx: HTTP Request: POST http://localhost:8081/auth/login "HTTP/1.1 200 OK"
[2026-05-19 18:03:29,946] kevinq/INFO/httpx: HTTP Request: POST http://localhost:8081/users "HTTP/1.1 200 OK"
[2026-05-19 18:03:29,947] kevinq/INFO/httpx: HTTP Request: POST http://localhost:8081/users "HTTP/1.1 200 OK"
[2026-05-19 18:03:29,949] kevinq/INFO/httpx: HTTP Request: POST http://localhost:8081/users "HTTP/1.1 200 OK"
[2026-05-19 18:03:29,950] kevinq/INFO/httpx: HTTP Request: POST http://localhost:8081/users "HTTP/1.1 200 OK"
[2026-05-19 18:03:30,091] kevinq/INFO/httpx: HTTP Request: POST http://localhost:8081/users "HTTP/1.1 200 OK"
[2026-05-19 18:03:30,094] kevinq/INFO/httpx: HTTP Request: POST http://localhost:8081/auth/login "HTTP/1.1 200 OK"
[2026-05-19 18:03:30,094] kevinq/INFO/httpx: HTTP Request: POST http://localhost:8081/users "HTTP/1.1 200 OK"
[2026-05-19 18:03:30,095] kevinq/INFO/httpx: HTTP Request: POST http://localhost:8081/auth/login "HTTP/1.1 200 OK"
[2026-05-19 18:03:30,326] kevinq/INFO/httpx: HTTP Request: POST http://localhost:8081/auth/login "HTTP/1.1 200 OK"
[2026-05-19 18:03:30,326] kevinq/INFO/httpx: HTTP Request: POST http://localhost:8081/auth/login "HTTP/1.1 200 OK"
[2026-05-19 18:03:30,327] kevinq/INFO/httpx: HTTP Request: POST http://localhost:8081/auth/login "HTTP/1.1 200 OK"
[2026-05-19 18:03:30,327] kevinq/INFO/httpx: HTTP Request: POST http://localhost:8081/auth/login "HTTP/1.1 200 OK"
[2026-05-19 18:03:30,328] kevinq/INFO/httpx: HTTP Request: POST http://localhost:8081/auth/login "HTTP/1.1 200 OK"
[2026-05-19 18:03:30,329] kevinq/INFO/httpx: HTTP Request: POST http://localhost:8081/auth/login "HTTP/1.1 200 OK"
[2026-05-19 18:03:30,381] kevinq/INFO/httpx: HTTP Request: POST http://localhost:8081/auth/login "HTTP/1.1 200 OK"
[2026-05-19 18:03:30,382] kevinq/INFO/httpx: HTTP Request: POST http://localhost:8081/auth/login "HTTP/1.1 200 OK"
[2026-05-19 18:03:30,383] kevinq/INFO/httpx: HTTP Request: POST http://localhost:8081/auth/login "HTTP/1.1 200 OK"
[2026-05-19 18:03:30,586] kevinq/INFO/httpx: HTTP Request: POST http://localhost:8081/auth/login "HTTP/1.1 200 OK"
[2026-05-19 18:03:30,855] kevinq/INFO/httpx: HTTP Request: POST http://localhost:8081/auth/login "HTTP/1.1 200 OK"
[2026-05-19 18:03:30,898] kevinq/INFO/httpx: HTTP Request: POST http://localhost:8081/users "HTTP/1.1 200 OK"
[2026-05-19 18:03:30,924] kevinq/INFO/httpx: HTTP Request: POST http://localhost:8081/users "HTTP/1.1 200 OK"
[2026-05-19 18:03:30,958] kevinq/INFO/httpx: HTTP Request: POST http://localhost:8081/users "HTTP/1.1 200 OK"
[2026-05-19 18:03:30,998] kevinq/INFO/httpx: HTTP Request: POST http://localhost:8081/users "HTTP/1.1 200 OK"
[2026-05-19 18:03:31,039] kevinq/INFO/httpx: HTTP Request: POST http://localhost:8081/auth/login "HTTP/1.1 200 OK"
[2026-05-19 18:03:31,040] kevinq/INFO/httpx: HTTP Request: POST http://localhost:8081/auth/login "HTTP/1.1 200 OK"
[2026-05-19 18:03:31,040] kevinq/INFO/httpx: HTTP Request: POST http://localhost:8081/users "HTTP/1.1 200 OK"
[2026-05-19 18:03:31,072] kevinq/INFO/httpx: HTTP Request: POST http://localhost:8081/users "HTTP/1.1 200 OK"
[2026-05-19 18:03:31,072] kevinq/INFO/httpx: HTTP Request: POST http://localhost:8081/auth/login "HTTP/1.1 200 OK"
[2026-05-19 18:03:31,073] kevinq/INFO/httpx: HTTP Request: POST http://localhost:8081/users "HTTP/1.1 200 OK"
[2026-05-19 18:03:31,361] kevinq/INFO/httpx: HTTP Request: POST http://localhost:8081/auth/login "HTTP/1.1 200 OK"
[2026-05-19 18:03:31,362] kevinq/INFO/httpx: HTTP Request: POST http://localhost:8081/auth/login "HTTP/1.1 200 OK"
[2026-05-19 18:03:31,362] kevinq/INFO/httpx: HTTP Request: POST http://localhost:8081/users "HTTP/1.1 200 OK"
[2026-05-19 18:03:31,363] kevinq/INFO/httpx: HTTP Request: POST http://localhost:8081/users "HTTP/1.1 200 OK"
[2026-05-19 18:03:31,364] kevinq/INFO/httpx: HTTP Request: POST http://localhost:8081/users "HTTP/1.1 200 OK"
[2026-05-19 18:03:31,467] kevinq/INFO/httpx: HTTP Request: POST http://localhost:8081/auth/login "HTTP/1.1 200 OK"
[2026-05-19 18:03:31,468] kevinq/INFO/httpx: HTTP Request: POST http://localhost:8081/auth/login "HTTP/1.1 200 OK"
[2026-05-19 18:03:31,469] kevinq/INFO/httpx: HTTP Request: POST http://localhost:8081/auth/login "HTTP/1.1 200 OK"
[2026-05-19 18:03:31,488] kevinq/INFO/httpx: HTTP Request: POST http://localhost:8081/auth/login "HTTP/1.1 200 OK"
[2026-05-19 18:03:31,539] kevinq/INFO/httpx: HTTP Request: POST http://localhost:8081/auth/login "HTTP/1.1 200 OK"
[2026-05-19 18:03:31,875] kevinq/INFO/httpx: HTTP Request: POST http://localhost:8081/auth/login "HTTP/1.1 200 OK"
[2026-05-19 18:03:31,896] kevinq/INFO/httpx: HTTP Request: POST http://localhost:8081/users "HTTP/1.1 200 OK"
[2026-05-19 18:03:31,947] kevinq/INFO/httpx: HTTP Request: POST http://localhost:8081/users "HTTP/1.1 200 OK"
[2026-05-19 18:03:31,949] kevinq/INFO/httpx: HTTP Request: POST http://localhost:8081/auth/login "HTTP/1.1 200 OK"
[2026-05-19 18:03:31,950] kevinq/INFO/httpx: HTTP Request: POST http://localhost:8081/users "HTTP/1.1 200 OK"
[2026-05-19 18:03:32,038] kevinq/INFO/httpx: HTTP Request: POST http://localhost:8081/users "HTTP/1.1 200 OK"
[2026-05-19 18:03:32,040] kevinq/INFO/httpx: HTTP Request: POST http://localhost:8081/auth/login "HTTP/1.1 200 OK"
[2026-05-19 18:03:32,041] kevinq/INFO/httpx: HTTP Request: POST http://localhost:8081/users "HTTP/1.1 200 OK"
[2026-05-19 18:03:32,041] kevinq/INFO/httpx: HTTP Request: POST http://localhost:8081/users "HTTP/1.1 200 OK"
[2026-05-19 18:03:32,041] kevinq/INFO/httpx: HTTP Request: POST http://localhost:8081/users "HTTP/1.1 200 OK"
[2026-05-19 18:03:32,163] kevinq/INFO/httpx: HTTP Request: POST http://localhost:8081/users "HTTP/1.1 200 OK"
[2026-05-19 18:03:32,163] kevinq/INFO/httpx: HTTP Request: POST http://localhost:8081/users "HTTP/1.1 200 OK"
[2026-05-19 18:03:32,164] kevinq/INFO/httpx: HTTP Request: POST http://localhost:8081/auth/login "HTTP/1.1 200 OK"
[2026-05-19 18:03:32,165] kevinq/INFO/httpx: HTTP Request: POST http://localhost:8081/auth/login "HTTP/1.1 200 OK"
[2026-05-19 18:03:32,166] kevinq/INFO/httpx: HTTP Request: POST http://localhost:8081/users "HTTP/1.1 200 OK"
[2026-05-19 18:03:32,454] kevinq/INFO/httpx: HTTP Request: POST http://localhost:8081/auth/login "HTTP/1.1 200 OK"
[2026-05-19 18:03:32,454] kevinq/INFO/httpx: HTTP Request: POST http://localhost:8081/auth/login "HTTP/1.1 200 OK"
[2026-05-19 18:03:32,455] kevinq/INFO/httpx: HTTP Request: POST http://localhost:8081/auth/login "HTTP/1.1 200 OK"
[2026-05-19 18:03:32,866] kevinq/INFO/httpx: HTTP Request: POST http://localhost:8081/auth/login "HTTP/1.1 200 OK"
[2026-05-19 18:03:32,869] kevinq/INFO/httpx: HTTP Request: POST http://localhost:8081/auth/login "HTTP/1.1 200 OK"
[2026-05-19 18:03:32,909] kevinq/INFO/httpx: HTTP Request: POST http://localhost:8081/users "HTTP/1.1 200 OK"
[2026-05-19 18:03:33,040] kevinq/INFO/httpx: HTTP Request: POST http://localhost:8081/users "HTTP/1.1 200 OK"
[2026-05-19 18:03:33,041] kevinq/INFO/httpx: HTTP Request: POST http://localhost:8081/users "HTTP/1.1 200 OK"
[2026-05-19 18:03:33,041] kevinq/INFO/httpx: HTTP Request: POST http://localhost:8081/users "HTTP/1.1 200 OK"
[2026-05-19 18:03:33,041] kevinq/INFO/httpx: HTTP Request: POST http://localhost:8081/users "HTTP/1.1 200 OK"
[2026-05-19 18:03:33,042] kevinq/INFO/httpx: HTTP Request: POST http://localhost:8081/users "HTTP/1.1 200 OK"
[2026-05-19 18:03:33,043] kevinq/INFO/httpx: HTTP Request: POST http://localhost:8081/users "HTTP/1.1 200 OK"
[2026-05-19 18:03:33,210] kevinq/INFO/httpx: HTTP Request: POST http://localhost:8081/users "HTTP/1.1 200 OK"
[2026-05-19 18:03:33,211] kevinq/INFO/httpx: HTTP Request: POST http://localhost:8081/auth/login "HTTP/1.1 200 OK"
[2026-05-19 18:03:33,212] kevinq/INFO/httpx: HTTP Request: POST http://localhost:8081/auth/login "HTTP/1.1 200 OK"
[2026-05-19 18:03:33,213] kevinq/INFO/httpx: HTTP Request: POST http://localhost:8081/users "HTTP/1.1 200 OK"
[2026-05-19 18:03:33,215] kevinq/INFO/httpx: HTTP Request: POST http://localhost:8081/auth/login "HTTP/1.1 200 OK"
[2026-05-19 18:03:33,415] kevinq/INFO/httpx: HTTP Request: POST http://localhost:8081/users "HTTP/1.1 200 OK"
[2026-05-19 18:03:33,415] kevinq/INFO/httpx: HTTP Request: POST http://localhost:8081/auth/login "HTTP/1.1 200 OK"
[2026-05-19 18:03:33,415] kevinq/INFO/httpx: HTTP Request: POST http://localhost:8081/auth/login "HTTP/1.1 200 OK"
[2026-05-19 18:03:33,564] kevinq/INFO/httpx: HTTP Request: POST http://localhost:8081/auth/login "HTTP/1.1 200 OK"
[2026-05-19 18:03:33,855] kevinq/INFO/httpx: HTTP Request: POST http://localhost:8081/auth/login "HTTP/1.1 200 OK"
[2026-05-19 18:03:33,859] kevinq/INFO/httpx: HTTP Request: POST http://localhost:8081/auth/login "HTTP/1.1 200 OK"
[2026-05-19 18:03:33,909] kevinq/INFO/httpx: HTTP Request: POST http://localhost:8081/auth/login "HTTP/1.1 200 OK"
[2026-05-19 18:03:33,982] kevinq/INFO/httpx: HTTP Request: POST http://localhost:8081/users "HTTP/1.1 200 OK"
[2026-05-19 18:03:34,070] kevinq/INFO/httpx: HTTP Request: POST http://localhost:8081/auth/login "HTTP/1.1 200 OK"
[2026-05-19 18:03:34,073] kevinq/INFO/httpx: HTTP Request: POST http://localhost:8081/auth/login "HTTP/1.1 200 OK"
[2026-05-19 18:03:34,077] kevinq/INFO/httpx: HTTP Request: POST http://localhost:8081/auth/login "HTTP/1.1 200 OK"
[2026-05-19 18:03:34,088] kevinq/INFO/httpx: HTTP Request: POST http://localhost:8081/users "HTTP/1.1 200 OK"
[2026-05-19 18:03:34,120] kevinq/INFO/httpx: HTTP Request: POST http://localhost:8081/auth/login "HTTP/1.1 200 OK"
[2026-05-19 18:03:34,127] kevinq/INFO/httpx: HTTP Request: POST http://localhost:8081/users "HTTP/1.1 200 OK"
[2026-05-19 18:03:34,162] kevinq/INFO/httpx: HTTP Request: POST http://localhost:8081/auth/login "HTTP/1.1 200 OK"
[2026-05-19 18:03:34,486] kevinq/INFO/httpx: HTTP Request: POST http://localhost:8081/users "HTTP/1.1 200 OK"
[2026-05-19 18:03:34,487] kevinq/INFO/httpx: HTTP Request: POST http://localhost:8081/users "HTTP/1.1 200 OK"
[2026-05-19 18:03:34,487] kevinq/INFO/httpx: HTTP Request: POST http://localhost:8081/users "HTTP/1.1 200 OK"
[2026-05-19 18:03:34,488] kevinq/INFO/httpx: HTTP Request: POST http://localhost:8081/auth/login "HTTP/1.1 200 OK"
[2026-05-19 18:03:34,488] kevinq/INFO/httpx: HTTP Request: POST http://localhost:8081/users "HTTP/1.1 200 OK"
[2026-05-19 18:03:34,492] kevinq/INFO/httpx: HTTP Request: POST http://localhost:8081/users "HTTP/1.1 200 OK"
[2026-05-19 18:03:34,492] kevinq/INFO/httpx: HTTP Request: POST http://localhost:8081/users "HTTP/1.1 200 OK"
[2026-05-19 18:03:34,493] kevinq/INFO/httpx: HTTP Request: POST http://localhost:8081/users "HTTP/1.1 200 OK"
[2026-05-19 18:03:34,665] kevinq/INFO/httpx: HTTP Request: POST http://localhost:8081/auth/login "HTTP/1.1 200 OK"
[2026-05-19 18:03:34,668] kevinq/INFO/httpx: HTTP Request: POST http://localhost:8081/auth/login "HTTP/1.1 200 OK"
[2026-05-19 18:03:34,668] kevinq/INFO/httpx: HTTP Request: POST http://localhost:8081/auth/login "HTTP/1.1 200 OK"
[2026-05-19 18:03:34,985] kevinq/INFO/httpx: HTTP Request: POST http://localhost:8081/users "HTTP/1.1 200 OK"
[2026-05-19 18:03:34,987] kevinq/INFO/httpx: HTTP Request: POST http://localhost:8081/users "HTTP/1.1 200 OK"
[2026-05-19 18:03:35,022] kevinq/INFO/httpx: HTTP Request: POST http://localhost:8081/users "HTTP/1.1 200 OK"
[2026-05-19 18:03:35,023] kevinq/INFO/httpx: HTTP Request: POST http://localhost:8081/users "HTTP/1.1 200 OK"
[2026-05-19 18:03:35,024] kevinq/INFO/httpx: HTTP Request: POST http://localhost:8081/users "HTTP/1.1 200 OK"
[2026-05-19 18:03:35,059] kevinq/INFO/httpx: HTTP Request: POST http://localhost:8081/users "HTTP/1.1 200 OK"
[2026-05-19 18:03:35,061] kevinq/INFO/httpx: HTTP Request: POST http://localhost:8081/users "HTTP/1.1 200 OK"
[2026-05-19 18:03:35,155] kevinq/INFO/httpx: HTTP Request: POST http://localhost:8081/users "HTTP/1.1 200 OK"
[2026-05-19 18:03:35,156] kevinq/INFO/httpx: HTTP Request: POST http://localhost:8081/auth/login "HTTP/1.1 200 OK"
[2026-05-19 18:03:35,226] kevinq/INFO/httpx: HTTP Request: POST http://localhost:8081/users "HTTP/1.1 200 OK"
[2026-05-19 18:03:35,227] kevinq/INFO/httpx: HTTP Request: POST http://localhost:8081/users "HTTP/1.1 200 OK"
[2026-05-19 18:03:35,551] kevinq/INFO/httpx: HTTP Request: POST http://localhost:8081/auth/login "HTTP/1.1 200 OK"
[2026-05-19 18:03:35,552] kevinq/INFO/httpx: HTTP Request: POST http://localhost:8081/auth/login "HTTP/1.1 200 OK"
[2026-05-19 18:03:35,554] kevinq/INFO/httpx: HTTP Request: POST http://localhost:8081/auth/login "HTTP/1.1 200 OK"
[2026-05-19 18:03:35,555] kevinq/INFO/httpx: HTTP Request: POST http://localhost:8081/auth/login "HTTP/1.1 200 OK"
[2026-05-19 18:03:35,557] kevinq/INFO/httpx: HTTP Request: POST http://localhost:8081/auth/login "HTTP/1.1 200 OK"
[2026-05-19 18:03:35,558] kevinq/INFO/httpx: HTTP Request: POST http://localhost:8081/auth/login "HTTP/1.1 200 OK"
[2026-05-19 18:03:35,620] kevinq/INFO/httpx: HTTP Request: POST http://localhost:8081/auth/login "HTTP/1.1 200 OK"
[2026-05-19 18:03:35,674] kevinq/INFO/httpx: HTTP Request: POST http://localhost:8081/auth/login "HTTP/1.1 200 OK"
[2026-05-19 18:03:35,689] kevinq/INFO/httpx: HTTP Request: POST http://localhost:8081/auth/login "HTTP/1.1 200 OK"
[2026-05-19 18:03:35,690] kevinq/INFO/httpx: HTTP Request: POST http://localhost:8081/auth/login "HTTP/1.1 200 OK"
[2026-05-19 18:03:35,690] kevinq/INFO/httpx: HTTP Request: POST http://localhost:8081/auth/login "HTTP/1.1 200 OK"
[2026-05-19 18:03:36,069] kevinq/INFO/httpx: HTTP Request: POST http://localhost:8081/users "HTTP/1.1 200 OK"
[2026-05-19 18:03:36,142] kevinq/INFO/httpx: HTTP Request: POST http://localhost:8081/users "HTTP/1.1 200 OK"
[2026-05-19 18:03:36,147] kevinq/INFO/httpx: HTTP Request: POST http://localhost:8081/users "HTTP/1.1 200 OK"
[2026-05-19 18:03:36,147] kevinq/INFO/httpx: HTTP Request: POST http://localhost:8081/users "HTTP/1.1 200 OK"
[2026-05-19 18:03:36,153] kevinq/INFO/httpx: HTTP Request: POST http://localhost:8081/auth/login "HTTP/1.1 200 OK"
[2026-05-19 18:03:36,293] kevinq/INFO/httpx: HTTP Request: POST http://localhost:8081/auth/login "HTTP/1.1 200 OK"
[2026-05-19 18:03:36,296] kevinq/INFO/httpx: HTTP Request: POST http://localhost:8081/users "HTTP/1.1 200 OK"
[2026-05-19 18:03:36,298] kevinq/INFO/httpx: HTTP Request: POST http://localhost:8081/users "HTTP/1.1 200 OK"
[2026-05-19 18:03:36,300] kevinq/INFO/httpx: HTTP Request: POST http://localhost:8081/users "HTTP/1.1 200 OK"
[2026-05-19 18:03:36,301] kevinq/INFO/httpx: HTTP Request: POST http://localhost:8081/auth/login "HTTP/1.1 200 OK"
[2026-05-19 18:03:36,520] kevinq/INFO/httpx: HTTP Request: POST http://localhost:8081/users "HTTP/1.1 200 OK"
[2026-05-19 18:03:36,522] kevinq/INFO/httpx: HTTP Request: POST http://localhost:8081/users "HTTP/1.1 200 OK"
[2026-05-19 18:03:36,524] kevinq/INFO/httpx: HTTP Request: POST http://localhost:8081/auth/login "HTTP/1.1 200 OK"
[2026-05-19 18:03:36,525] kevinq/INFO/httpx: HTTP Request: POST http://localhost:8081/auth/login "HTTP/1.1 200 OK"
[2026-05-19 18:03:36,527] kevinq/INFO/httpx: HTTP Request: POST http://localhost:8081/users "HTTP/1.1 200 OK"
[2026-05-19 18:03:36,683] kevinq/INFO/httpx: HTTP Request: POST http://localhost:8081/auth/login "HTTP/1.1 200 OK"
[2026-05-19 18:03:36,955] kevinq/INFO/httpx: HTTP Request: POST http://localhost:8081/auth/login "HTTP/1.1 200 OK"
[2026-05-19 18:03:36,971] kevinq/INFO/httpx: HTTP Request: POST http://localhost:8081/auth/login "HTTP/1.1 200 OK"
[2026-05-19 18:03:36,987] kevinq/INFO/httpx: HTTP Request: POST http://localhost:8081/auth/login "HTTP/1.1 200 OK"
[2026-05-19 18:03:37,087] kevinq/INFO/httpx: HTTP Request: POST http://localhost:8081/users "HTTP/1.1 200 OK"
[2026-05-19 18:03:37,132] kevinq/INFO/httpx: HTTP Request: POST http://localhost:8081/users "HTTP/1.1 200 OK"
[2026-05-19 18:03:37,133] kevinq/INFO/httpx: HTTP Request: POST http://localhost:8081/users "HTTP/1.1 200 OK"
[2026-05-19 18:03:37,134] kevinq/INFO/httpx: HTTP Request: POST http://localhost:8081/users "HTTP/1.1 200 OK"
[2026-05-19 18:03:37,247] kevinq/INFO/httpx: HTTP Request: POST http://localhost:8081/users "HTTP/1.1 200 OK"
[2026-05-19 18:03:37,570] kevinq/INFO/httpx: HTTP Request: POST http://localhost:8081/users "HTTP/1.1 200 OK"
[2026-05-19 18:03:37,571] kevinq/INFO/httpx: HTTP Request: POST http://localhost:8081/users "HTTP/1.1 200 OK"
[2026-05-19 18:03:37,571] kevinq/INFO/httpx: HTTP Request: POST http://localhost:8081/auth/login "HTTP/1.1 200 OK"
[2026-05-19 18:03:37,572] kevinq/INFO/httpx: HTTP Request: POST http://localhost:8081/auth/login "HTTP/1.1 200 OK"
[2026-05-19 18:03:37,574] kevinq/INFO/httpx: HTTP Request: POST http://localhost:8081/auth/login "HTTP/1.1 200 OK"
[2026-05-19 18:03:37,574] kevinq/INFO/httpx: HTTP Request: POST http://localhost:8081/auth/login "HTTP/1.1 200 OK"
[2026-05-19 18:03:37,575] kevinq/INFO/httpx: HTTP Request: POST http://localhost:8081/auth/login "HTTP/1.1 200 OK"
[2026-05-19 18:03:37,578] kevinq/INFO/httpx: HTTP Request: POST http://localhost:8081/users "HTTP/1.1 200 OK"
[2026-05-19 18:03:37,580] kevinq/INFO/httpx: HTTP Request: POST http://localhost:8081/auth/login "HTTP/1.1 200 OK"
[2026-05-19 18:03:37,581] kevinq/INFO/httpx: HTTP Request: POST http://localhost:8081/users "HTTP/1.1 200 OK"
[2026-05-19 18:03:37,582] kevinq/INFO/httpx: HTTP Request: POST http://localhost:8081/users "HTTP/1.1 200 OK"
[2026-05-19 18:03:37,765] kevinq/INFO/httpx: HTTP Request: POST http://localhost:8081/auth/login "HTTP/1.1 200 OK"
[2026-05-19 18:03:37,766] kevinq/INFO/httpx: HTTP Request: POST http://localhost:8081/auth/login "HTTP/1.1 200 OK"
[2026-05-19 18:03:37,777] kevinq/INFO/httpx: HTTP Request: POST http://localhost:8081/auth/login "HTTP/1.1 200 OK"
[2026-05-19 18:03:37,778] kevinq/INFO/httpx: HTTP Request: POST http://localhost:8081/auth/login "HTTP/1.1 200 OK"
[2026-05-19 18:03:37,831] kevinq/INFO/httpx: HTTP Request: POST http://localhost:8081/auth/login "HTTP/1.1 200 OK"
[2026-05-19 18:03:38,098] kevinq/INFO/httpx: HTTP Request: POST http://localhost:8081/users "HTTP/1.1 200 OK"
[2026-05-19 18:03:38,168] kevinq/INFO/httpx: HTTP Request: POST http://localhost:8081/users "HTTP/1.1 200 OK"
[2026-05-19 18:03:38,209] kevinq/INFO/httpx: HTTP Request: POST http://localhost:8081/users "HTTP/1.1 200 OK"
[2026-05-19 18:03:38,211] kevinq/INFO/httpx: HTTP Request: POST http://localhost:8081/users "HTTP/1.1 200 OK"
[2026-05-19 18:03:38,212] kevinq/INFO/httpx: HTTP Request: POST http://localhost:8081/users "HTTP/1.1 200 OK"
[2026-05-19 18:03:38,311] kevinq/INFO/httpx: HTTP Request: POST http://localhost:8081/users "HTTP/1.1 200 OK"
[2026-05-19 18:03:38,312] kevinq/INFO/httpx: HTTP Request: POST http://localhost:8081/auth/login "HTTP/1.1 200 OK"
[2026-05-19 18:03:38,313] kevinq/INFO/httpx: HTTP Request: POST http://localhost:8081/users "HTTP/1.1 200 OK"
[2026-05-19 18:03:38,314] kevinq/INFO/httpx: HTTP Request: POST http://localhost:8081/users "HTTP/1.1 200 OK"
[2026-05-19 18:03:38,585] kevinq/INFO/httpx: HTTP Request: POST http://localhost:8081/auth/login "HTTP/1.1 200 OK"
[2026-05-19 18:03:38,586] kevinq/INFO/httpx: HTTP Request: POST http://localhost:8081/auth/login "HTTP/1.1 200 OK"
[2026-05-19 18:03:38,589] kevinq/INFO/httpx: HTTP Request: POST http://localhost:8081/auth/login "HTTP/1.1 200 OK"
[2026-05-19 18:03:38,590] kevinq/INFO/httpx: HTTP Request: POST http://localhost:8081/users "HTTP/1.1 200 OK"
[2026-05-19 18:03:38,590] kevinq/INFO/httpx: HTTP Request: POST http://localhost:8081/auth/login "HTTP/1.1 200 OK"
[2026-05-19 18:03:38,591] kevinq/INFO/httpx: HTTP Request: POST http://localhost:8081/users "HTTP/1.1 200 OK"
[2026-05-19 18:03:38,650] kevinq/INFO/httpx: HTTP Request: POST http://localhost:8081/auth/login "HTTP/1.1 200 OK"
[2026-05-19 18:03:39,159] kevinq/INFO/httpx: HTTP Request: POST http://localhost:8081/users "HTTP/1.1 200 OK"
[2026-05-19 18:03:39,216] kevinq/INFO/httpx: HTTP Request: POST http://localhost:8081/users "HTTP/1.1 200 OK"
[2026-05-19 18:03:39,218] kevinq/INFO/httpx: HTTP Request: POST http://localhost:8081/users "HTTP/1.1 200 OK"
[2026-05-19 18:03:39,220] kevinq/INFO/httpx: HTTP Request: POST http://localhost:8081/users "HTTP/1.1 200 OK"
[2026-05-19 18:03:39,221] kevinq/INFO/httpx: HTTP Request: POST http://localhost:8081/users "HTTP/1.1 200 OK"
[2026-05-19 18:03:39,360] kevinq/INFO/locust.runners: All users spawned: {"TransactionsUser": 150} (150 total users)
[2026-05-19 18:03:39,365] kevinq/INFO/httpx: HTTP Request: POST http://localhost:8081/users "HTTP/1.1 200 OK"
[2026-05-19 18:03:39,365] kevinq/INFO/httpx: HTTP Request: POST http://localhost:8081/users "HTTP/1.1 200 OK"
[2026-05-19 18:03:39,369] kevinq/INFO/httpx: HTTP Request: POST http://localhost:8081/users "HTTP/1.1 200 OK"
[2026-05-19 18:03:39,369] kevinq/INFO/httpx: HTTP Request: POST http://localhost:8081/auth/login "HTTP/1.1 200 OK"
[2026-05-19 18:03:39,371] kevinq/INFO/httpx: HTTP Request: POST http://localhost:8081/auth/login "HTTP/1.1 200 OK"
[2026-05-19 18:03:39,371] kevinq/INFO/httpx: HTTP Request: POST http://localhost:8081/auth/login "HTTP/1.1 200 OK"
[2026-05-19 18:03:39,630] kevinq/INFO/httpx: HTTP Request: POST http://localhost:8081/auth/login "HTTP/1.1 200 OK"
[2026-05-19 18:03:39,631] kevinq/INFO/httpx: HTTP Request: POST http://localhost:8081/auth/login "HTTP/1.1 200 OK"
[2026-05-19 18:03:39,631] kevinq/INFO/httpx: HTTP Request: POST http://localhost:8081/users "HTTP/1.1 200 OK"
[2026-05-19 18:03:39,633] kevinq/INFO/httpx: HTTP Request: POST http://localhost:8081/auth/login "HTTP/1.1 200 OK"
[2026-05-19 18:03:39,636] kevinq/INFO/httpx: HTTP Request: POST http://localhost:8081/auth/login "HTTP/1.1 200 OK"
[2026-05-19 18:03:39,636] kevinq/INFO/httpx: HTTP Request: POST http://localhost:8081/auth/login "HTTP/1.1 200 OK"
[2026-05-19 18:03:39,639] kevinq/INFO/httpx: HTTP Request: POST http://localhost:8081/users "HTTP/1.1 200 OK"
[2026-05-19 18:03:39,642] kevinq/INFO/httpx: HTTP Request: POST http://localhost:8081/auth/login "HTTP/1.1 200 OK"
[2026-05-19 18:03:39,817] kevinq/INFO/httpx: HTTP Request: POST http://localhost:8081/auth/login "HTTP/1.1 200 OK"
[2026-05-19 18:03:40,054] kevinq/INFO/httpx: HTTP Request: POST http://localhost:8081/auth/login "HTTP/1.1 200 OK"
[2026-05-19 18:03:40,124] kevinq/INFO/httpx: HTTP Request: POST http://localhost:8081/auth/login "HTTP/1.1 200 OK"
[2026-05-19 18:03:40,180] kevinq/INFO/httpx: HTTP Request: POST http://localhost:8081/users "HTTP/1.1 200 OK"
[2026-05-19 18:03:40,216] kevinq/INFO/httpx: HTTP Request: POST http://localhost:8081/users "HTTP/1.1 200 OK"
[2026-05-19 18:03:40,217] kevinq/INFO/httpx: HTTP Request: POST http://localhost:8081/auth/login "HTTP/1.1 200 OK"
[2026-05-19 18:03:40,217] kevinq/INFO/httpx: HTTP Request: POST http://localhost:8081/users "HTTP/1.1 200 OK"
[2026-05-19 18:03:40,331] kevinq/INFO/httpx: HTTP Request: POST http://localhost:8081/users "HTTP/1.1 200 OK"
[2026-05-19 18:03:40,332] kevinq/INFO/httpx: HTTP Request: POST http://localhost:8081/users "HTTP/1.1 200 OK"
[2026-05-19 18:03:40,334] kevinq/INFO/httpx: HTTP Request: POST http://localhost:8081/auth/login "HTTP/1.1 200 OK"
[2026-05-19 18:03:40,392] kevinq/INFO/httpx: HTTP Request: POST http://localhost:8081/users "HTTP/1.1 200 OK"
[2026-05-19 18:03:40,505] kevinq/INFO/httpx: HTTP Request: POST http://localhost:8081/users "HTTP/1.1 200 OK"
[2026-05-19 18:03:40,505] kevinq/INFO/httpx: HTTP Request: POST http://localhost:8081/users "HTTP/1.1 200 OK"
[2026-05-19 18:03:40,530] kevinq/INFO/httpx: HTTP Request: POST http://localhost:8081/auth/login "HTTP/1.1 200 OK"
[2026-05-19 18:03:40,554] kevinq/INFO/httpx: HTTP Request: POST http://localhost:8081/auth/login "HTTP/1.1 200 OK"
[2026-05-19 18:03:40,555] kevinq/INFO/httpx: HTTP Request: POST http://localhost:8081/users "HTTP/1.1 200 OK"
[2026-05-19 18:03:40,556] kevinq/INFO/httpx: HTTP Request: POST http://localhost:8081/auth/login "HTTP/1.1 200 OK"
[2026-05-19 18:03:40,589] kevinq/INFO/httpx: HTTP Request: POST http://localhost:8081/auth/login "HTTP/1.1 200 OK"
[2026-05-19 18:03:40,594] kevinq/INFO/httpx: HTTP Request: POST http://localhost:8081/users "HTTP/1.1 200 OK"
[2026-05-19 18:03:40,695] kevinq/INFO/httpx: HTTP Request: POST http://localhost:8081/auth/login "HTTP/1.1 200 OK"
[2026-05-19 18:03:40,793] kevinq/INFO/httpx: HTTP Request: POST http://localhost:8081/auth/login "HTTP/1.1 200 OK"
[2026-05-19 18:03:40,822] kevinq/INFO/httpx: HTTP Request: POST http://localhost:8081/auth/login "HTTP/1.1 200 OK"
[2026-05-19 18:03:40,871] kevinq/INFO/httpx: HTTP Request: POST http://localhost:8081/auth/login "HTTP/1.1 200 OK"
[2026-05-19 18:03:40,883] kevinq/INFO/httpx: HTTP Request: POST http://localhost:8081/auth/login "HTTP/1.1 200 OK"
[2026-05-19 18:03:40,946] kevinq/INFO/httpx: HTTP Request: POST http://localhost:8081/auth/login "HTTP/1.1 200 OK"
[2026-05-19 18:03:40,975] kevinq/INFO/httpx: HTTP Request: POST http://localhost:8081/auth/login "HTTP/1.1 200 OK"
[2026-05-19 18:03:41,030] kevinq/INFO/httpx: HTTP Request: POST http://localhost:8081/auth/login "HTTP/1.1 200 OK"
[2026-05-19 18:03:41,036] kevinq/INFO/httpx: HTTP Request: POST http://localhost:8081/auth/login "HTTP/1.1 200 OK"
[2026-05-19 18:03:41,049] kevinq/INFO/httpx: HTTP Request: POST http://localhost:8081/auth/login "HTTP/1.1 200 OK"
[2026-05-19 18:03:41,065] kevinq/INFO/httpx: HTTP Request: POST http://localhost:8081/auth/login "HTTP/1.1 200 OK"
[2026-05-19 18:04:54,828] kevinq/INFO/locust.main: --run-time limit reached, shutting down
[2026-05-19 18:04:54,900] kevinq/INFO/locust.main: writing html report to file: benchmarks/results/2026-05-19_after-jwt-fix/report.html
[2026-05-19 18:04:54,901] kevinq/INFO/locust.main: Shutting down (exit code 1)
