Type     Name                                                                          # reqs      # fails |    Avg     Min     Max    Med |   req/s  failures/s
--------|----------------------------------------------------------------------------|-------|-------------|-------|-------|-------|-------|--------|-----------
--------|----------------------------------------------------------------------------|-------|-------------|-------|-------|-------|-------|--------|-----------
         Aggregated                                                                         0     0(0.00%) |      0       0       0      0 |    0.00        0.00

Type     Name                                                                          # reqs      # fails |    Avg     Min     Max    Med |   req/s  failures/s
--------|----------------------------------------------------------------------------|-------|-------------|-------|-------|-------|-------|--------|-----------
GET      /health                                                                            3     0(0.00%) |     54      14      74     74 |    0.00        0.00
POST     /transactions [POST]                                                               6     0(0.00%) |     40      14      78     44 |    0.00        0.00
GET      /transactions/user                                                                16     0(0.00%) |     44       6      79     41 |    0.00        0.00
--------|----------------------------------------------------------------------------|-------|-------------|-------|-------|-------|-------|--------|-----------
         Aggregated                                                                        25     0(0.00%) |     44       6      79     47 |    0.00        0.00

Type     Name                                                                          # reqs      # fails |    Avg     Min     Max    Med |   req/s  failures/s
--------|----------------------------------------------------------------------------|-------|-------------|-------|-------|-------|-------|--------|-----------
GET      /health                                                                           14     0(0.00%) |     51       3     165     28 |    0.00        0.00
POST     /transactions [POST]                                                              23     0(0.00%) |     79      14     284     59 |    0.00        0.00
GET      /transactions/user                                                                89     0(0.00%) |     90       6     337     77 |    0.00        0.00
--------|----------------------------------------------------------------------------|-------|-------------|-------|-------|-------|-------|--------|-----------
         Aggregated                                                                       126     0(0.00%) |     83       3     337     69 |    0.00        0.00

Type     Name                                                                          # reqs      # fails |    Avg     Min     Max    Med |   req/s  failures/s
--------|----------------------------------------------------------------------------|-------|-------------|-------|-------|-------|-------|--------|-----------
GET      /health                                                                           22     0(0.00%) |     65       3     198     31 |    2.80        0.00
POST     /transactions [POST]                                                              71     0(0.00%) |    118      12     392     76 |    4.60        0.00
GET      /transactions/user                                                               188     0(0.00%) |    119       4     432     95 |   17.80        0.00
--------|----------------------------------------------------------------------------|-------|-------------|-------|-------|-------|-------|--------|-----------
         Aggregated                                                                       281     0(0.00%) |    114       3     432     80 |   25.20        0.00

Type     Name                                                                          # reqs      # fails |    Avg     Min     Max    Med |   req/s  failures/s
--------|----------------------------------------------------------------------------|-------|-------------|-------|-------|-------|-------|--------|-----------
GET      /health                                                                           42     0(0.00%) |    104       3     321    110 |    3.14        0.00
POST     /transactions [POST]                                                             119     0(0.00%) |    182      12     498    170 |    9.71        0.00
GET      /transactions/user                                                               309     0(0.00%) |    174       4     535    160 |   26.71        0.00
--------|----------------------------------------------------------------------------|-------|-------------|-------|-------|-------|-------|--------|-----------
         Aggregated                                                                       470     0(0.00%) |    170       3     535    150 |   39.57        0.00

Type     Name                                                                          # reqs      # fails |    Avg     Min     Max    Med |   req/s  failures/s
--------|----------------------------------------------------------------------------|-------|-------------|-------|-------|-------|-------|--------|-----------
GET      /health                                                                           80     0(0.00%) |    139       3     383    140 |    4.67        0.00
POST     /transactions [POST]                                                             162     0(0.00%) |    207      12     504    180 |   13.22        0.00
GET      /transactions/user                                                               461     0(0.00%) |    205       4     535    190 |   33.78        0.00
--------|----------------------------------------------------------------------------|-------|-------------|-------|-------|-------|-------|--------|-----------
         Aggregated                                                                       703     0(0.00%) |    198       3     535    180 |   51.67        0.00

Type     Name                                                                          # reqs      # fails |    Avg     Min     Max    Med |   req/s  failures/s
--------|----------------------------------------------------------------------------|-------|-------------|-------|-------|-------|-------|--------|-----------
GET      /health                                                                          113     0(0.00%) |    168       3     455    170 |    7.60        0.00
POST     /transactions [POST]                                                             219     0(0.00%) |    293      12     856    270 |   15.60        0.00
GET      /transactions/user                                                               614     0(0.00%) |    266       4     897    250 |   45.30        0.00
--------|----------------------------------------------------------------------------|-------|-------------|-------|-------|-------|-------|--------|-----------
         Aggregated                                                                       946     0(0.00%) |    261       3     897    230 |   68.50        0.00

Type     Name                                                                          # reqs      # fails |    Avg     Min     Max    Med |   req/s  failures/s
--------|----------------------------------------------------------------------------|-------|-------------|-------|-------|-------|-------|--------|-----------
GET      /health                                                                          159     0(0.00%) |    195       3     588    180 |   10.80        0.00
POST     /transactions [POST]                                                             285     0(0.00%) |    348      12     956    340 |   21.20        0.00
GET      /transactions/user                                                               775     0(0.00%) |    322       4     959    300 |   58.40        0.00
--------|----------------------------------------------------------------------------|-------|-------------|-------|-------|-------|-------|--------|-----------
         Aggregated                                                                      1219     0(0.00%) |    311       3     959    280 |   90.40        0.00

Type     Name                                                                          # reqs      # fails |    Avg     Min     Max    Med |   req/s  failures/s
--------|----------------------------------------------------------------------------|-------|-------------|-------|-------|-------|-------|--------|-----------
GET      /health                                                                          174     0(0.00%) |    203       3     588    180 |   11.60        0.00
POST     /transactions [POST]                                                             314     0(0.00%) |    367      12     956    360 |   22.90        0.00
GET      /transactions/user                                                               858     0(0.00%) |    346       4    1062    330 |   63.00        0.00
--------|----------------------------------------------------------------------------|-------|-------------|-------|-------|-------|-------|--------|-----------
         Aggregated                                                                      1346     0(0.00%) |    332       3    1062    310 |   97.50        0.00

Type     Name                                                                          # reqs      # fails |    Avg     Min     Max    Med |   req/s  failures/s
--------|----------------------------------------------------------------------------|-------|-------------|-------|-------|-------|-------|--------|-----------
GET      /health                                                                          174     0(0.00%) |    203       3     588    180 |   11.60        0.00
POST     /transactions [POST]                                                             314     0(0.00%) |    367      12     956    360 |   22.90        0.00
GET      /transactions/user                                                               858     0(0.00%) |    346       4    1062    330 |   63.00        0.00
--------|----------------------------------------------------------------------------|-------|-------------|-------|-------|-------|-------|--------|-----------
         Aggregated                                                                      1346     0(0.00%) |    332       3    1062    310 |   97.50        0.00

Type     Name                                                                          # reqs      # fails |    Avg     Min     Max    Med |   req/s  failures/s
--------|----------------------------------------------------------------------------|-------|-------------|-------|-------|-------|-------|--------|-----------
GET      /health                                                                          174     0(0.00%) |    203       3     588    180 |   11.60        0.00
POST     /transactions [POST]                                                             314     0(0.00%) |    367      12     956    360 |   22.90        0.00
GET      /transactions/user                                                               858     0(0.00%) |    346       4    1062    330 |   63.00        0.00
--------|----------------------------------------------------------------------------|-------|-------------|-------|-------|-------|-------|--------|-----------
         Aggregated                                                                      1346     0(0.00%) |    332       3    1062    310 |   97.50        0.00

Type     Name                                                                          # reqs      # fails |    Avg     Min     Max    Med |   req/s  failures/s
--------|----------------------------------------------------------------------------|-------|-------------|-------|-------|-------|-------|--------|-----------
GET      /health                                                                          174     0(0.00%) |    203       3     588    180 |   11.60        0.00
POST     /transactions [POST]                                                             314     0(0.00%) |    367      12     956    360 |   22.90        0.00
GET      /transactions/user                                                               858     0(0.00%) |    346       4    1062    330 |   63.00        0.00
--------|----------------------------------------------------------------------------|-------|-------------|-------|-------|-------|-------|--------|-----------
         Aggregated                                                                      1346     0(0.00%) |    332       3    1062    310 |   97.50        0.00

Type     Name                                                                          # reqs      # fails |    Avg     Min     Max    Med |   req/s  failures/s
--------|----------------------------------------------------------------------------|-------|-------------|-------|-------|-------|-------|--------|-----------
GET      /health                                                                          174     0(0.00%) |    203       3     588    180 |   11.60        0.00
POST     /transactions [POST]                                                             314     0(0.00%) |    367      12     956    360 |   22.90        0.00
GET      /transactions/user                                                               858     0(0.00%) |    346       4    1062    330 |   63.00        0.00
--------|----------------------------------------------------------------------------|-------|-------------|-------|-------|-------|-------|--------|-----------
         Aggregated                                                                      1346     0(0.00%) |    332       3    1062    310 |   97.50        0.00

Type     Name                                                                          # reqs      # fails |    Avg     Min     Max    Med |   req/s  failures/s
--------|----------------------------------------------------------------------------|-------|-------------|-------|-------|-------|-------|--------|-----------
GET      /health                                                                          174     0(0.00%) |    203       3     588    180 |   11.60        0.00
POST     /transactions [POST]                                                             314     0(0.00%) |    367      12     956    360 |   22.90        0.00
GET      /transactions/user                                                               858     0(0.00%) |    346       4    1062    330 |   63.00        0.00
--------|----------------------------------------------------------------------------|-------|-------------|-------|-------|-------|-------|--------|-----------
         Aggregated                                                                      1346     0(0.00%) |    332       3    1062    310 |   97.50        0.00

Type     Name                                                                          # reqs      # fails |    Avg     Min     Max    Med |   req/s  failures/s
--------|----------------------------------------------------------------------------|-------|-------------|-------|-------|-------|-------|--------|-----------
GET      /health                                                                          174     0(0.00%) |    203       3     588    180 |   11.60        0.00
POST     /transactions [POST]                                                             314     0(0.00%) |    367      12     956    360 |   22.90        0.00
GET      /transactions/user                                                               858     0(0.00%) |    346       4    1062    330 |   63.00        0.00
--------|----------------------------------------------------------------------------|-------|-------------|-------|-------|-------|-------|--------|-----------
         Aggregated                                                                      1346     0(0.00%) |    332       3    1062    310 |   97.50        0.00

Type     Name                                                                          # reqs      # fails |    Avg     Min     Max    Med |   req/s  failures/s
--------|----------------------------------------------------------------------------|-------|-------------|-------|-------|-------|-------|--------|-----------
GET      /health                                                                          174     0(0.00%) |    203       3     588    180 |   11.60        0.00
POST     /transactions [POST]                                                             314     0(0.00%) |    367      12     956    360 |   22.90        0.00
GET      /transactions/user                                                               858     0(0.00%) |    346       4    1062    330 |   63.00        0.00
--------|----------------------------------------------------------------------------|-------|-------------|-------|-------|-------|-------|--------|-----------
         Aggregated                                                                      1346     0(0.00%) |    332       3    1062    310 |   97.50        0.00

Type     Name                                                                          # reqs      # fails |    Avg     Min     Max    Med |   req/s  failures/s
--------|----------------------------------------------------------------------------|-------|-------------|-------|-------|-------|-------|--------|-----------
GET      /health                                                                          174     0(0.00%) |    203       3     588    180 |   11.60        0.00
POST     /transactions [POST]                                                             314     0(0.00%) |    367      12     956    360 |   22.90        0.00
GET      /transactions/user                                                               858     0(0.00%) |    346       4    1062    330 |   63.00        0.00
--------|----------------------------------------------------------------------------|-------|-------------|-------|-------|-------|-------|--------|-----------
         Aggregated                                                                      1346     0(0.00%) |    332       3    1062    310 |   97.50        0.00

Type     Name                                                                          # reqs      # fails |    Avg     Min     Max    Med |   req/s  failures/s
--------|----------------------------------------------------------------------------|-------|-------------|-------|-------|-------|-------|--------|-----------
GET      /health                                                                          174     0(0.00%) |    203       3     588    180 |   11.60        0.00
POST     /transactions [POST]                                                             314     0(0.00%) |    367      12     956    360 |   22.90        0.00
GET      /transactions/user                                                               858     0(0.00%) |    346       4    1062    330 |   63.00        0.00
--------|----------------------------------------------------------------------------|-------|-------------|-------|-------|-------|-------|--------|-----------
         Aggregated                                                                      1346     0(0.00%) |    332       3    1062    310 |   97.50        0.00

Type     Name                                                                          # reqs      # fails |    Avg     Min     Max    Med |   req/s  failures/s
--------|----------------------------------------------------------------------------|-------|-------------|-------|-------|-------|-------|--------|-----------
GET      /health                                                                          174     0(0.00%) |    203       3     588    180 |   11.60        0.00
POST     /transactions [POST]                                                             314     0(0.00%) |    367      12     956    360 |   22.90        0.00
GET      /transactions/user                                                               858     0(0.00%) |    346       4    1062    330 |   63.00        0.00
--------|----------------------------------------------------------------------------|-------|-------------|-------|-------|-------|-------|--------|-----------
         Aggregated                                                                      1346     0(0.00%) |    332       3    1062    310 |   97.50        0.00

Type     Name                                                                          # reqs      # fails |    Avg     Min     Max    Med |   req/s  failures/s
--------|----------------------------------------------------------------------------|-------|-------------|-------|-------|-------|-------|--------|-----------
GET      /health                                                                          174     0(0.00%) |    203       3     588    180 |   11.60        0.00
POST     /transactions [POST]                                                             314     0(0.00%) |    367      12     956    360 |   22.90        0.00
GET      /transactions/user                                                               858     0(0.00%) |    346       4    1062    330 |   63.00        0.00
--------|----------------------------------------------------------------------------|-------|-------------|-------|-------|-------|-------|--------|-----------
         Aggregated                                                                      1346     0(0.00%) |    332       3    1062    310 |   97.50        0.00

Type     Name                                                                          # reqs      # fails |    Avg     Min     Max    Med |   req/s  failures/s
--------|----------------------------------------------------------------------------|-------|-------------|-------|-------|-------|-------|--------|-----------
GET      /health                                                                          174     0(0.00%) |    203       3     588    180 |   11.60        0.00
POST     /transactions [POST]                                                             314     0(0.00%) |    367      12     956    360 |   22.90        0.00
GET      /transactions/user                                                               858     0(0.00%) |    346       4    1062    330 |   63.00        0.00
--------|----------------------------------------------------------------------------|-------|-------------|-------|-------|-------|-------|--------|-----------
         Aggregated                                                                      1346     0(0.00%) |    332       3    1062    310 |   97.50        0.00

Type     Name                                                                          # reqs      # fails |    Avg     Min     Max    Med |   req/s  failures/s
--------|----------------------------------------------------------------------------|-------|-------------|-------|-------|-------|-------|--------|-----------
GET      /health                                                                          174     0(0.00%) |    203       3     588    180 |   11.60        0.00
POST     /transactions [POST]                                                             314     0(0.00%) |    367      12     956    360 |   22.90        0.00
GET      /transactions/user                                                               858     0(0.00%) |    346       4    1062    330 |   63.00        0.00
--------|----------------------------------------------------------------------------|-------|-------------|-------|-------|-------|-------|--------|-----------
         Aggregated                                                                      1346     0(0.00%) |    332       3    1062    310 |   97.50        0.00

Type     Name                                                                          # reqs      # fails |    Avg     Min     Max    Med |   req/s  failures/s
--------|----------------------------------------------------------------------------|-------|-------------|-------|-------|-------|-------|--------|-----------
GET      /health                                                                          174     0(0.00%) |    203       3     588    180 |   11.60        0.00
POST     /transactions [POST]                                                             314     0(0.00%) |    367      12     956    360 |   22.90        0.00
GET      /transactions/user                                                               858     0(0.00%) |    346       4    1062    330 |   63.00        0.00
--------|----------------------------------------------------------------------------|-------|-------------|-------|-------|-------|-------|--------|-----------
         Aggregated                                                                      1346     0(0.00%) |    332       3    1062    310 |   97.50        0.00

Type     Name                                                                          # reqs      # fails |    Avg     Min     Max    Med |   req/s  failures/s
--------|----------------------------------------------------------------------------|-------|-------------|-------|-------|-------|-------|--------|-----------
GET      /health                                                                          179     0(0.00%) |   1037       3   30194    180 |    0.00        0.00
POST     /transactions [POST]                                                             332    13(3.92%) |   1994      12   30473    380 |    0.00        0.00
GET      /transactions/user                                                               901    19(2.11%) |   1781       4   30613    350 |    0.00        0.00
--------|----------------------------------------------------------------------------|-------|-------------|-------|-------|-------|-------|--------|-----------
         Aggregated                                                                      1412    32(2.27%) |   1736       3   30613    330 |    0.00        0.00

Type     Name                                                                          # reqs      # fails |    Avg     Min     Max    Med |   req/s  failures/s
--------|----------------------------------------------------------------------------|-------|-------------|-------|-------|-------|-------|--------|-----------
GET      /health                                                                          179     0(0.00%) |   1037       3   30194    180 |    0.00        0.00
POST     /transactions [POST]                                                             332    13(3.92%) |   1994      12   30473    380 |    0.00        0.00
GET      /transactions/user                                                               901    19(2.11%) |   1781       4   30613    350 |    0.00        0.00
--------|----------------------------------------------------------------------------|-------|-------------|-------|-------|-------|-------|--------|-----------
         Aggregated                                                                      1412    32(2.27%) |   1736       3   30613    330 |    0.00        0.00

Type     Name                                                                          # reqs      # fails |    Avg     Min     Max    Med |   req/s  failures/s
--------|----------------------------------------------------------------------------|-------|-------------|-------|-------|-------|-------|--------|-----------
GET      /health                                                                          179     0(0.00%) |   1037       3   30194    180 |    0.00        0.00
POST     /transactions [POST]                                                             332    13(3.92%) |   1994      12   30473    380 |    0.00        0.00
GET      /transactions/user                                                               901    19(2.11%) |   1781       4   30613    350 |    0.00        0.00
--------|----------------------------------------------------------------------------|-------|-------------|-------|-------|-------|-------|--------|-----------
         Aggregated                                                                      1412    32(2.27%) |   1736       3   30613    330 |    0.00        0.00

Type     Name                                                                          # reqs      # fails |    Avg     Min     Max    Med |   req/s  failures/s
--------|----------------------------------------------------------------------------|-------|-------------|-------|-------|-------|-------|--------|-----------
GET      /health                                                                          179     0(0.00%) |   1037       3   30194    180 |    0.00        0.00
POST     /transactions [POST]                                                             332    13(3.92%) |   1994      12   30473    380 |    0.00        0.00
GET      /transactions/user                                                               901    19(2.11%) |   1781       4   30613    350 |    0.00        0.00
--------|----------------------------------------------------------------------------|-------|-------------|-------|-------|-------|-------|--------|-----------
         Aggregated                                                                      1412    32(2.27%) |   1736       3   30613    330 |    0.00        0.00

Type     Name                                                                          # reqs      # fails |    Avg     Min     Max    Med |   req/s  failures/s
--------|----------------------------------------------------------------------------|-------|-------------|-------|-------|-------|-------|--------|-----------
GET      /health                                                                          179     0(0.00%) |   1037       3   30194    180 |    0.00        0.00
POST     /transactions [POST]                                                             332    13(3.92%) |   1994      12   30473    380 |    0.00        0.00
GET      /transactions/user                                                               901    19(2.11%) |   1781       4   30613    350 |    0.00        0.00
--------|----------------------------------------------------------------------------|-------|-------------|-------|-------|-------|-------|--------|-----------
         Aggregated                                                                      1412    32(2.27%) |   1736       3   30613    330 |    0.00        0.00

Type     Name                                                                          # reqs      # fails |    Avg     Min     Max    Med |   req/s  failures/s
--------|----------------------------------------------------------------------------|-------|-------------|-------|-------|-------|-------|--------|-----------
GET      /health                                                                          179     0(0.00%) |   1037       3   30194    180 |    0.00        0.00
POST     /transactions [POST]                                                             332    13(3.92%) |   1994      12   30473    380 |    0.00        0.00
GET      /transactions/user                                                               901    19(2.11%) |   1781       4   30613    350 |    0.00        0.00
--------|----------------------------------------------------------------------------|-------|-------------|-------|-------|-------|-------|--------|-----------
         Aggregated                                                                      1412    32(2.27%) |   1736       3   30613    330 |    0.00        0.00

Type     Name                                                                          # reqs      # fails |    Avg     Min     Max    Med |   req/s  failures/s
--------|----------------------------------------------------------------------------|-------|-------------|-------|-------|-------|-------|--------|-----------
GET      /health                                                                          179     0(0.00%) |   1037       3   30194    180 |    0.00        0.00
POST     /transactions [POST]                                                             332    13(3.92%) |   1994      12   30473    380 |    0.00        0.00
GET      /transactions/user                                                               901    19(2.11%) |   1781       4   30613    350 |    0.00        0.00
--------|----------------------------------------------------------------------------|-------|-------------|-------|-------|-------|-------|--------|-----------
         Aggregated                                                                      1412    32(2.27%) |   1736       3   30613    330 |    0.00        0.00

Type     Name                                                                          # reqs      # fails |    Avg     Min     Max    Med |   req/s  failures/s
--------|----------------------------------------------------------------------------|-------|-------------|-------|-------|-------|-------|--------|-----------
GET      /health                                                                          179     0(0.00%) |   1037       3   30194    180 |    0.00        0.00
POST     /transactions [POST]                                                             332    13(3.92%) |   1994      12   30473    380 |    0.00        0.00
GET      /transactions/user                                                               901    19(2.11%) |   1781       4   30613    350 |    0.00        0.00
--------|----------------------------------------------------------------------------|-------|-------------|-------|-------|-------|-------|--------|-----------
         Aggregated                                                                      1412    32(2.27%) |   1736       3   30613    330 |    0.00        0.00

Type     Name                                                                          # reqs      # fails |    Avg     Min     Max    Med |   req/s  failures/s
--------|----------------------------------------------------------------------------|-------|-------------|-------|-------|-------|-------|--------|-----------
GET      /health                                                                          179     0(0.00%) |   1037       3   30194    180 |    0.00        0.00
POST     /transactions [POST]                                                             332    13(3.92%) |   1994      12   30473    380 |    0.00        0.00
GET      /transactions/user                                                               901    19(2.11%) |   1781       4   30613    350 |    0.00        0.00
--------|----------------------------------------------------------------------------|-------|-------------|-------|-------|-------|-------|--------|-----------
         Aggregated                                                                      1412    32(2.27%) |   1736       3   30613    330 |    0.00        0.00

Type     Name                                                                          # reqs      # fails |    Avg     Min     Max    Med |   req/s  failures/s
--------|----------------------------------------------------------------------------|-------|-------------|-------|-------|-------|-------|--------|-----------
GET      /health                                                                          179     0(0.00%) |   1037       3   30194    180 |    0.00        0.00
POST     /transactions [POST]                                                             332    13(3.92%) |   1994      12   30473    380 |    0.00        0.00
GET      /transactions/user                                                               901    19(2.11%) |   1781       4   30613    350 |    0.00        0.00
--------|----------------------------------------------------------------------------|-------|-------------|-------|-------|-------|-------|--------|-----------
         Aggregated                                                                      1412    32(2.27%) |   1736       3   30613    330 |    0.00        0.00

Type     Name                                                                          # reqs      # fails |    Avg     Min     Max    Med |   req/s  failures/s
--------|----------------------------------------------------------------------------|-------|-------------|-------|-------|-------|-------|--------|-----------
GET      /health                                                                          179     0(0.00%) |   1037       3   30194    180 |    0.00        0.00
POST     /transactions [POST]                                                             332    13(3.92%) |   1994      12   30473    380 |    0.00        0.00
GET      /transactions/user                                                               901    19(2.11%) |   1781       4   30613    350 |    0.00        0.00
--------|----------------------------------------------------------------------------|-------|-------------|-------|-------|-------|-------|--------|-----------
         Aggregated                                                                      1412    32(2.27%) |   1736       3   30613    330 |    0.00        0.00

Type     Name                                                                          # reqs      # fails |    Avg     Min     Max    Med |   req/s  failures/s
--------|----------------------------------------------------------------------------|-------|-------------|-------|-------|-------|-------|--------|-----------
GET      /health                                                                          179     0(0.00%) |   1037       3   30194    180 |    0.00        0.00
POST     /transactions [POST]                                                             332    13(3.92%) |   1994      12   30473    380 |    0.00        0.00
GET      /transactions/user                                                               901    19(2.11%) |   1781       4   30613    350 |    0.00        0.00
--------|----------------------------------------------------------------------------|-------|-------------|-------|-------|-------|-------|--------|-----------
         Aggregated                                                                      1412    32(2.27%) |   1736       3   30613    330 |    0.00        0.00

Type     Name                                                                          # reqs      # fails |    Avg     Min     Max    Med |   req/s  failures/s
--------|----------------------------------------------------------------------------|-------|-------------|-------|-------|-------|-------|--------|-----------
GET      /health                                                                          179     0(0.00%) |   1037       3   30194    180 |    0.00        0.00
POST     /transactions [POST]                                                             332    13(3.92%) |   1994      12   30473    380 |    0.00        0.00
GET      /transactions/user                                                               901    19(2.11%) |   1781       4   30613    350 |    0.00        0.00
--------|----------------------------------------------------------------------------|-------|-------------|-------|-------|-------|-------|--------|-----------
         Aggregated                                                                      1412    32(2.27%) |   1736       3   30613    330 |    0.00        0.00

Type     Name                                                                          # reqs      # fails |    Avg     Min     Max    Med |   req/s  failures/s
--------|----------------------------------------------------------------------------|-------|-------------|-------|-------|-------|-------|--------|-----------
GET      /health                                                                          179     0(0.00%) |   1037       3   30194    180 |    0.00        0.00
POST     /transactions [POST]                                                             332    13(3.92%) |   1994      12   30473    380 |    0.00        0.00
GET      /transactions/user                                                               901    19(2.11%) |   1781       4   30613    350 |    0.00        0.00
--------|----------------------------------------------------------------------------|-------|-------------|-------|-------|-------|-------|--------|-----------
         Aggregated                                                                      1412    32(2.27%) |   1736       3   30613    330 |    0.00        0.00

Type     Name                                                                          # reqs      # fails |    Avg     Min     Max    Med |   req/s  failures/s
--------|----------------------------------------------------------------------------|-------|-------------|-------|-------|-------|-------|--------|-----------
GET      /health                                                                          179     0(0.00%) |   1037       3   30194    180 |    0.00        0.00
POST     /transactions [POST]                                                             332    13(3.92%) |   1994      12   30473    380 |    0.00        0.00
GET      /transactions/user                                                               901    19(2.11%) |   1781       4   30613    350 |    0.00        0.00
--------|----------------------------------------------------------------------------|-------|-------------|-------|-------|-------|-------|--------|-----------
         Aggregated                                                                      1412    32(2.27%) |   1736       3   30613    330 |    0.00        0.00

Type     Name                                                                          # reqs      # fails |    Avg     Min     Max    Med |   req/s  failures/s
--------|----------------------------------------------------------------------------|-------|-------------|-------|-------|-------|-------|--------|-----------
GET      /health                                                                          191     0(0.00%) |   2239       3   30288    190 |    0.00        0.00
POST     /transactions [POST]                                                             351    24(6.84%) |   5153      12   60621    390 |    0.00        0.00
GET      /transactions/user                                                               946    46(4.86%) |   4534       4   60598    360 |    0.00        0.00
--------|----------------------------------------------------------------------------|-------|-------------|-------|-------|-------|-------|--------|-----------
         Aggregated                                                                      1488    70(4.70%) |   4385       3   60621    340 |    0.00        0.00

Type     Name                                                                          # reqs      # fails |    Avg     Min     Max    Med |   req/s  failures/s
--------|----------------------------------------------------------------------------|-------|-------------|-------|-------|-------|-------|--------|-----------
GET      /health                                                                          191     0(0.00%) |   2239       3   30288    190 |    0.00        0.00
POST     /transactions [POST]                                                             351    24(6.84%) |   5153      12   60621    390 |    0.00        0.00
GET      /transactions/user                                                               946    46(4.86%) |   4534       4   60598    360 |    0.00        0.00
--------|----------------------------------------------------------------------------|-------|-------------|-------|-------|-------|-------|--------|-----------
         Aggregated                                                                      1488    70(4.70%) |   4385       3   60621    340 |    0.00        0.00

Type     Name                                                                          # reqs      # fails |    Avg     Min     Max    Med |   req/s  failures/s
--------|----------------------------------------------------------------------------|-------|-------------|-------|-------|-------|-------|--------|-----------
GET      /health                                                                          191     0(0.00%) |   2239       3   30288    190 |    0.00        0.00
POST     /transactions [POST]                                                             351    24(6.84%) |   5153      12   60621    390 |    0.00        0.00
GET      /transactions/user                                                               946    46(4.86%) |   4534       4   60598    360 |    0.00        0.00
--------|----------------------------------------------------------------------------|-------|-------------|-------|-------|-------|-------|--------|-----------
         Aggregated                                                                      1488    70(4.70%) |   4385       3   60621    340 |    0.00        0.00

Type     Name                                                                          # reqs      # fails |    Avg     Min     Max    Med |   req/s  failures/s
--------|----------------------------------------------------------------------------|-------|-------------|-------|-------|-------|-------|--------|-----------
GET      /health                                                                          191     0(0.00%) |   2239       3   30288    190 |    0.00        0.00
POST     /transactions [POST]                                                             351    24(6.84%) |   5153      12   60621    390 |    0.00        0.00
GET      /transactions/user                                                               946    46(4.86%) |   4534       4   60598    360 |    0.00        0.00
--------|----------------------------------------------------------------------------|-------|-------------|-------|-------|-------|-------|--------|-----------
         Aggregated                                                                      1488    70(4.70%) |   4385       3   60621    340 |    0.00        0.00

Type     Name                                                                          # reqs      # fails |    Avg     Min     Max    Med |   req/s  failures/s
--------|----------------------------------------------------------------------------|-------|-------------|-------|-------|-------|-------|--------|-----------
GET      /health                                                                          191     0(0.00%) |   2239       3   30288    190 |    0.00        0.00
POST     /transactions [POST]                                                             351    24(6.84%) |   5153      12   60621    390 |    0.00        0.00
GET      /transactions/user                                                               946    46(4.86%) |   4534       4   60598    360 |    0.00        0.00
--------|----------------------------------------------------------------------------|-------|-------------|-------|-------|-------|-------|--------|-----------
         Aggregated                                                                      1488    70(4.70%) |   4385       3   60621    340 |    0.00        0.00

Type     Name                                                                          # reqs      # fails |    Avg     Min     Max    Med |   req/s  failures/s
--------|----------------------------------------------------------------------------|-------|-------------|-------|-------|-------|-------|--------|-----------
GET      /health                                                                          191     0(0.00%) |   2239       3   30288    190 |    0.00        0.00
POST     /transactions [POST]                                                             351    24(6.84%) |   5153      12   60621    390 |    0.00        0.00
GET      /transactions/user                                                               946    46(4.86%) |   4534       4   60598    360 |    0.00        0.00
--------|----------------------------------------------------------------------------|-------|-------------|-------|-------|-------|-------|--------|-----------
         Aggregated                                                                      1488    70(4.70%) |   4385       3   60621    340 |    0.00        0.00

Type     Name                                                                          # reqs      # fails |    Avg     Min     Max    Med |   req/s  failures/s
--------|----------------------------------------------------------------------------|-------|-------------|-------|-------|-------|-------|--------|-----------
GET      /health                                                                          191     0(0.00%) |   2239       3   30288    190 |    0.00        0.00
POST     /transactions [POST]                                                             351    24(6.84%) |   5153      12   60621    390 |    0.00        0.00
GET      /transactions/user                                                               946    46(4.86%) |   4534       4   60598    360 |    0.00        0.00
--------|----------------------------------------------------------------------------|-------|-------------|-------|-------|-------|-------|--------|-----------
         Aggregated                                                                      1488    70(4.70%) |   4385       3   60621    340 |    0.00        0.00

Type     Name                                                                          # reqs      # fails |    Avg     Min     Max    Med |   req/s  failures/s
--------|----------------------------------------------------------------------------|-------|-------------|-------|-------|-------|-------|--------|-----------
GET      /health                                                                          191     0(0.00%) |   2239       3   30288    190 |    2.52        0.00
POST     /transactions [POST]                                                             351    24(6.84%) |   5153      12   60621    390 |    4.63        0.32
GET      /transactions/user                                                               946    46(4.86%) |   4534       4   60598    360 |   12.47        0.61
--------|----------------------------------------------------------------------------|-------|-------------|-------|-------|-------|-------|--------|-----------
         Aggregated                                                                      1488    70(4.70%) |   4385       3   60621    340 |   19.61        0.92

Response time percentiles (approximated)
Type     Name                                                                                  50%    66%    75%    80%    90%    95%    98%    99%  99.9% 99.99%   100% # reqs
--------|--------------------------------------------------------------------------------|--------|------|------|------|------|------|------|------|------|------|------|------
GET      /health                                                                               190    240    300    340    420  30000  30000  30000  30000  30000  30000    191
POST     /transactions [POST]                                                                  390    500    620    690  30000  60000  60000  61000  61000  61000  61000    351
GET      /transactions/user                                                                    360    480    570    630    900  31000  60000  60000  61000  61000  61000    946
--------|--------------------------------------------------------------------------------|--------|------|------|------|------|------|------|------|------|------|------|------
         Aggregated                                                                            350    460    550    610    890  30000  60000  60000  61000  61000  61000   1488

Error report
# occurrences      Error                                                                                               
------------------|---------------------------------------------------------------------------------------------------------------------------------------------
24                 POST /transactions [POST]: HTTPError('500 Server Error: Internal Server Error for url: /transactions [POST]')
46                 GET /transactions/user: HTTPError('500 Server Error: Internal Server Error for url: /transactions/user')
------------------|---------------------------------------------------------------------------------------------------------------------------------------------

